******************************************************************************
                  TI ARM Linker PC v20.2.4                     
******************************************************************************
>> Linked Wed Oct 27 10:22:54 2021

OUTPUT FILE NAME:   <lab08.out>
ENTRY POINT SYMBOL: "_c_int00_noargs"  address: 000032f9


MEMORY CONFIGURATION

         name            origin    length      used     unused   attr    fill
----------------------  --------  ---------  --------  --------  ----  --------
  FLASH                 00000000   00040000  00003634  0003c9cc  R  X
  SRAM                  20000000   00008000  00000ac9  00007537  RW X


SEGMENT ALLOCATION MAP

run origin  load origin   length   init length attrs members
----------  ----------- ---------- ----------- ----- -------
00000000    00000000    00003638   00003638    r-x
  00000000    00000000    0000026c   0000026c    r-- .intvecs
  0000026c    0000026c    0000324c   0000324c    r-x .text
  000034b8    000034b8    0000013c   0000013c    r-- .const
  000035f8    000035f8    00000040   00000040    r-- .cinit
20000000    20000000    00000acd   00000000    rw-
  20000000    20000000    0000026c   00000000    rw- .vtable
  20000270    20000270    00000800   00000000    rw- .stack
  20000a70    20000a70    00000058   00000000    rw- .bss
  20000ac8    20000ac8    00000005   00000000    rw- .data


SECTION ALLOCATION MAP

 output                                  attributes/
section   page    origin      length       input sections
--------  ----  ----------  ----------   ----------------
.intvecs   0    00000000    0000026c     
                  00000000    0000026c     tm4c123gh6pm_startup_ccs.obj (.intvecs)

.text      0    0000026c    0000324c     
                  0000026c    00000a4e     rtsv7M4_T_le_v4SPD16_eabi.lib : _printfi.c.obj (.text:__TI_printfi)
                  00000cba    00000002                                   : div0.asm.obj (.text)
                  00000cbc    000009c0                                   : e_pow.c.obj (.text:pow)
                  0000167c    00000328     lcd.obj (.text)
                  000019a4    00000270     rtsv7M4_T_le_v4SPD16_eabi.lib : _printfi.c.obj (.text:_pconv_a)
                  00001c14    00000248     Timer.obj (.text)
                  00001e5c    000001d0     rtsv7M4_T_le_v4SPD16_eabi.lib : _printfi.c.obj (.text:_pconv_g)
                  0000202c    000001b6                                   : fd_add_t2.asm.obj (.text)
                  000021e2    00000002     --HOLE-- [fill = 0]
                  000021e4    00000158     adc.obj (.text)
                  0000233c    00000158     rtsv7M4_T_le_v4SPD16_eabi.lib : e_sqrt.c.obj (.text:sqrt)
                  00002494    0000013c                                   : _printfi.c.obj (.text:_pconv_e)
                  000025d0    00000136                                   : fd_div_t2.asm.obj (.text)
                  00002706    00000002     --HOLE-- [fill = 0]
                  00002708    00000124                                   : _printfi.c.obj (.text:fcvt)
                  0000282c    00000110                                   : s_scalbn.c.obj (.text:scalbn)
                  0000293c    000000fc                                   : fd_mul_t2.asm.obj (.text)
                  00002a38    000000b1                                   : _printfi.c.obj (.text:_ltostr)
                  00002ae9    00000003     --HOLE-- [fill = 0]
                  00002aec    000000aa     main.obj (.text)
                  00002b96    0000009c     rtsv7M4_T_le_v4SPD16_eabi.lib : memcpy_t2.asm.obj (.text)
                  00002c32    00000096                                   : ull_div_t2.asm.obj (.text)
                  00002cc8    00000086                                   : fd_cmp_t2.asm.obj (.text:__aeabi_cdcmple)
                  00002d4e    00000086                                   : fd_cmp_t2.asm.obj (.text:__aeabi_cdrcmple)
                  00002dd4    0000007a                                   : memset_t2.asm.obj (.text)
                  00002e4e    0000006e                                   : _printfi.c.obj (.text:_mcpy)
                  00002ebc    0000006e                                   : fd_tos_t2.asm.obj (.text)
                  00002f2a    00000068                                   : copy_decompress_lzss.c.obj (.text:decompress:lzss:__TI_decompress_lzss)
                  00002f92    00000002     --HOLE-- [fill = 0]
                  00002f94    00000064                                   : s_frexp.c.obj (.text:frexp)
                  00002ff8    00000056                                   : _printfi.c.obj (.text:_pconv_f)
                  0000304e    00000054                                   : _ltoa.c.obj (.text:__TI_ltoa)
                  000030a2    00000052                                   : _printfi.c.obj (.text:_ecpy)
                  000030f4    0000004c                                   : atoi.c.obj (.text:atoi)
                  00003140    00000048                                   : fd_toi_t2.asm.obj (.text)
                  00003188    00000044                                   : autoinit.c.obj (.text:__TI_auto_init_nobinit_nopinit:__TI_auto_init_nobinit_nopinit)
                  000031cc    00000040                                   : sprintf.c.obj (.text:sprintf)
                  0000320c    00000040                                   : vsnprintf.c.obj (.text:vsnprintf)
                  0000324c    0000003e                                   : _printfi.c.obj (.text:_fcpy)
                  0000328a    00000038                                   : fs_tod_t2.asm.obj (.text)
                  000032c2    00000002     --HOLE-- [fill = 0]
                  000032c4    00000034     driverlib.lib : interrupt.obj (.text:IntRegister)
                  000032f8    00000034     rtsv7M4_T_le_v4SPD16_eabi.lib : boot_cortex_m.c.obj (.text:_c_int00_noargs:_c_int00_noargs)
                  0000332c    00000030                                   : vsnprintf.c.obj (.text:_outs)
                  0000335c    0000002e                                   : i_tofd_t2.asm.obj (.text)
                  0000338a    0000001c                                   : copy_zero_init.c.obj (.text:decompress:ZI:__TI_zero_init_nomemset:__TI_zero_init_nomemset)
                  000033a6    0000001c                                   : memccpy.c.obj (.text:memccpy)
                  000033c2    0000001a                                   : s_copysign.c.obj (.text:copysign)
                  000033dc    00000018                                   : vsnprintf.c.obj (.text:_outc)
                  000033f4    00000018                                   : sprintf.c.obj (.text:_outs)
                  0000340c    00000018                                   : strcmp.c.obj (.text:strcmp)
                  00003424    00000016                                   : strchr.c.obj (.text:strchr)
                  0000343a    00000014                                   : strcpy.c.obj (.text:strcpy)
                  0000344e    00000014                                   : strlen.c.obj (.text:strlen)
                  00003462    00000012                                   : wcslen.c.obj (.text:wcslen)
                  00003474    00000010     lcd.obj (.text:lcd_clear)
                  00003484    0000000e     rtsv7M4_T_le_v4SPD16_eabi.lib : copy_decompress_none.c.obj (.text:decompress:none:__TI_decompress_none)
                  00003492    0000000c     tm4c123gh6pm_startup_ccs.obj (.text)
                  0000349e    0000000a     rtsv7M4_T_le_v4SPD16_eabi.lib : sprintf.c.obj (.text:_outc)
                  000034a8    00000008                                   : errno.c.obj (.text:__aeabi_errno_addr)
                  000034b0    00000004                                   : pre_init.c.obj (.text:_system_pre_init)
                  000034b4    00000004                                   : exit.c.obj (.text:abort:abort)

.const     0    000034b8    0000013c     
                  000034b8    00000101     rtsv7M4_T_le_v4SPD16_eabi.lib : ctype.c.obj (.const:.string:_ctypes_)
                  000035b9    00000004     lcd.obj (.const:.string:lineAddress$1)
                  000035bd    00000003     --HOLE-- [fill = 0]
                  000035c0    00000030     rtsv7M4_T_le_v4SPD16_eabi.lib : e_pow.c.obj (.const:$O1$$)
                  000035f0    00000004     lcd.obj (.const:.string:lineAddresses$2)

.cinit     0    000035f8    00000040     
                  000035f8    0000000c     (__TI_handler_table)
                  00003604    00000004     --HOLE-- [fill = 0]
                  00003608    00000008     (.cinit..bss.load) [load image, compression = zero_init]
                  00003610    00000008     (.cinit..vtable.load) [load image, compression = zero_init]
                  00003618    00000007     (.cinit..data.load) [load image, compression = lzss]
                  0000361f    00000001     --HOLE-- [fill = 0]
                  00003620    00000018     (__TI_cinit_table)

.init_array 
*          0    00000000    00000000     UNINITIALIZED

.vtable    0    20000000    0000026c     UNINITIALIZED
                  20000000    0000026c     driverlib.lib : interrupt.obj (.vtable)

.bss       0    20000a70    00000058     UNINITIALIZED
                  20000a70    00000054     lcd.obj (.bss:lastbuffer$3)
                  20000ac4    00000004     (.common:_timeout_ticks)

.data      0    20000ac8    00000005     UNINITIALIZED
                  20000ac8    00000004     rtsv7M4_T_le_v4SPD16_eabi.lib : errno.c.obj (.data)
                  20000acc    00000001     Timer.obj (.data)

.stack     0    20000270    00000800     UNINITIALIZED
                  20000270    00000004     rtsv7M4_T_le_v4SPD16_eabi.lib : boot_cortex_m.c.obj (.stack)
                  20000274    000007fc     --HOLE--

__llvm_prf_cnts 
*          0    20000000    00000000     UNINITIALIZED

MODULE SUMMARY

       Module                         code    ro data   rw data
       ------                         ----    -------   -------
    .\
       lcd.obj                        824     8         84     
       tm4c123gh6pm_startup_ccs.obj   12      620       0      
       Timer.obj                      584     0         5      
       adc.obj                        344     0         0      
       main.obj                       170     0         0      
    +--+------------------------------+-------+---------+---------+
       Total:                         1934    628       89     
                                                               
    C:/ti/TivaWare_C_Series-2.1.4.178/driverlib/ccs/Debug/driverlib.lib
       interrupt.obj                  52      0         620    
    +--+------------------------------+-------+---------+---------+
       Total:                         52      0         620    
                                                               
    C:\ti\ccs1031\ccs\tools\compiler\ti-cgt-arm_20.2.4.LTS\lib\rtsv7M4_T_le_v4SPD16_eabi.lib
       _printfi.c.obj                 4851    0         0      
       e_pow.c.obj                    2496    48        0      
       fd_add_t2.asm.obj              438     0         0      
       e_sqrt.c.obj                   344     0         0      
       fd_div_t2.asm.obj              310     0         0      
       s_scalbn.c.obj                 272     0         0      
       fd_cmp_t2.asm.obj              268     0         0      
       ctype.c.obj                    0       257       0      
       fd_mul_t2.asm.obj              252     0         0      
       memcpy_t2.asm.obj              156     0         0      
       ull_div_t2.asm.obj             150     0         0      
       vsnprintf.c.obj                136     0         0      
       memset_t2.asm.obj              122     0         0      
       fd_tos_t2.asm.obj              110     0         0      
       copy_decompress_lzss.c.obj     104     0         0      
       s_frexp.c.obj                  100     0         0      
       sprintf.c.obj                  98      0         0      
       _ltoa.c.obj                    84      0         0      
       atoi.c.obj                     76      0         0      
       fd_toi_t2.asm.obj              72      0         0      
       autoinit.c.obj                 68      0         0      
       fs_tod_t2.asm.obj              56      0         0      
       boot_cortex_m.c.obj            52      0         0      
       i_tofd_t2.asm.obj              46      0         0      
       copy_zero_init.c.obj           28      0         0      
       memccpy.c.obj                  28      0         0      
       s_copysign.c.obj               26      0         0      
       strcmp.c.obj                   24      0         0      
       strchr.c.obj                   22      0         0      
       strcpy.c.obj                   20      0         0      
       strlen.c.obj                   20      0         0      
       wcslen.c.obj                   18      0         0      
       copy_decompress_none.c.obj     14      0         0      
       errno.c.obj                    8       0         4      
       exit.c.obj                     4       0         0      
       pre_init.c.obj                 4       0         0      
       div0.asm.obj                   2       0         0      
    +--+------------------------------+-------+---------+---------+
       Total:                         10879   305       4      
                                                               
       Stack:                         0       0         2048   
       Linker Generated:              0       59        0      
    +--+------------------------------+-------+---------+---------+
       Grand Total:                   12865   992       2761   


LINKER GENERATED COPY TABLES

__TI_cinit_table @ 00003620 records: 3, size/record: 8, table size: 24
	.bss: load addr=00003608, load size=00000008 bytes, run addr=20000a70, run size=00000058 bytes, compression=zero_init
	.vtable: load addr=00003610, load size=00000008 bytes, run addr=20000000, run size=0000026c bytes, compression=zero_init
	.data: load addr=00003618, load size=00000007 bytes, run addr=20000ac8, run size=00000005 bytes, compression=lzss


LINKER GENERATED HANDLER TABLE

__TI_handler_table @ 000035f8 records: 3, size/record: 4, table size: 12
	index: 0, handler: __TI_zero_init
	index: 1, handler: __TI_decompress_lzss
	index: 2, handler: __TI_decompress_none


GLOBAL SYMBOLS: SORTED ALPHABETICALLY BY Name 

address   name                          
-------   ----                          
000034b5  C$$EXIT                       
000032c5  IntRegister                   
00003493  ResetISR                      
20000a70  __STACK_END                   
00000800  __STACK_SIZE                  
20000470  __STACK_TOP                   
00003620  __TI_CINIT_Base               
00003638  __TI_CINIT_Limit              
000035f8  __TI_Handler_Table_Base       
00003604  __TI_Handler_Table_Limit      
00003189  __TI_auto_init_nobinit_nopinit
00002f2b  __TI_decompress_lzss          
00003485  __TI_decompress_none          
0000304f  __TI_ltoa                     
ffffffff  __TI_pprof_out_hndl           
0000026d  __TI_printfi                  
ffffffff  __TI_prof_data_size           
ffffffff  __TI_prof_data_start          
00000000  __TI_static_base__            
0000338b  __TI_zero_init_nomemset       
00002cc9  __aeabi_cdcmpeq               
00002cc9  __aeabi_cdcmple               
00002d4f  __aeabi_cdrcmple              
00002ebd  __aeabi_d2f                   
00003141  __aeabi_d2iz                  
00002037  __aeabi_dadd                  
000025d1  __aeabi_ddiv                  
0000293d  __aeabi_dmul                  
0000202d  __aeabi_dsub                  
000034a9  __aeabi_errno_addr            
0000328b  __aeabi_f2d                   
0000335d  __aeabi_i2d                   
00000cbb  __aeabi_idiv0                 
00000cbb  __aeabi_ldiv0                 
00002dd5  __aeabi_memclr                
00002dd5  __aeabi_memclr4               
00002dd5  __aeabi_memclr8               
00002b97  __aeabi_memcpy                
00002b97  __aeabi_memcpy4               
00002b97  __aeabi_memcpy8               
00002dd7  __aeabi_memset                
00002dd7  __aeabi_memset4               
00002dd7  __aeabi_memset8               
00002c33  __aeabi_uldivmod              
ffffffff  __binit__                     
ffffffff  __c_args__                    
UNDEFED   __mpu_init                    
20000270  __stack                       
20000000  __start___llvm_prf_cnts       
20000000  __stop___llvm_prf_cnts        
000032f9  _c_int00_noargs               
000034b8  _ctypes_                      
20000acc  _running                      
UNDEFED   _system_post_cinit            
000034b1  _system_pre_init              
20000ac4  _timeout_ticks                
000034b5  abort                         
000022ab  adc_conversionIR              
000021e5  adc_init                      
0000227b  adc_read                      
000030f5  atoi                          
ffffffff  binit                         
000033c3  copysign                      
000033c3  copysignl                     
20000ac8  errno                         
00002f95  frexp                         
00002f95  frexpl                        
20000000  g_pfnRAMVectors               
00000000  g_pfnVectors                  
00003475  lcd_clear                     
00001851  lcd_gotoLine                  
000016b9  lcd_init                      
000018b7  lcd_printf                    
00001779  lcd_putc                      
000017b1  lcd_puts                      
0000167d  lcd_reverseNibble             
000017cf  lcd_sendCommand               
0000180d  lcd_sendNibble                
00001879  lcd_setCursorPos              
0000282d  ldexp                         
0000282d  ldexpl                        
00002aed  main                          
000033a7  memccpy                       
00002b97  memcpy                        
00002ddd  memset                        
00000cbd  pow                           
00000cbd  powl                          
0000282d  scalbn                        
0000282d  scalbnl                       
000031cd  sprintf                       
0000233d  sqrt                          
0000233d  sqrtl                         
00003425  strchr                        
0000340d  strcmp                        
0000343b  strcpy                        
0000344f  strlen                        
00001d33  timer_getMicros               
00001cdb  timer_getMillis               
00001c15  timer_init                    
00001cb7  timer_pause                   
00001cc9  timer_resume                  
00001c8d  timer_stop                    
00001d8d  timer_waitMicros              
00001dbf  timer_waitMillis              
0000320d  vsnprintf                     
00003463  wcslen                        


GLOBAL SYMBOLS: SORTED BY Symbol Address 

address   name                          
-------   ----                          
00000000  __TI_static_base__            
00000000  g_pfnVectors                  
0000026d  __TI_printfi                  
00000800  __STACK_SIZE                  
00000cbb  __aeabi_idiv0                 
00000cbb  __aeabi_ldiv0                 
00000cbd  pow                           
00000cbd  powl                          
0000167d  lcd_reverseNibble             
000016b9  lcd_init                      
00001779  lcd_putc                      
000017b1  lcd_puts                      
000017cf  lcd_sendCommand               
0000180d  lcd_sendNibble                
00001851  lcd_gotoLine                  
00001879  lcd_setCursorPos              
000018b7  lcd_printf                    
00001c15  timer_init                    
00001c8d  timer_stop                    
00001cb7  timer_pause                   
00001cc9  timer_resume                  
00001cdb  timer_getMillis               
00001d33  timer_getMicros               
00001d8d  timer_waitMicros              
00001dbf  timer_waitMillis              
0000202d  __aeabi_dsub                  
00002037  __aeabi_dadd                  
000021e5  adc_init                      
0000227b  adc_read                      
000022ab  adc_conversionIR              
0000233d  sqrt                          
0000233d  sqrtl                         
000025d1  __aeabi_ddiv                  
0000282d  ldexp                         
0000282d  ldexpl                        
0000282d  scalbn                        
0000282d  scalbnl                       
0000293d  __aeabi_dmul                  
00002aed  main                          
00002b97  __aeabi_memcpy                
00002b97  __aeabi_memcpy4               
00002b97  __aeabi_memcpy8               
00002b97  memcpy                        
00002c33  __aeabi_uldivmod              
00002cc9  __aeabi_cdcmpeq               
00002cc9  __aeabi_cdcmple               
00002d4f  __aeabi_cdrcmple              
00002dd5  __aeabi_memclr                
00002dd5  __aeabi_memclr4               
00002dd5  __aeabi_memclr8               
00002dd7  __aeabi_memset                
00002dd7  __aeabi_memset4               
00002dd7  __aeabi_memset8               
00002ddd  memset                        
00002ebd  __aeabi_d2f                   
00002f2b  __TI_decompress_lzss          
00002f95  frexp                         
00002f95  frexpl                        
0000304f  __TI_ltoa                     
000030f5  atoi                          
00003141  __aeabi_d2iz                  
00003189  __TI_auto_init_nobinit_nopinit
000031cd  sprintf                       
0000320d  vsnprintf                     
0000328b  __aeabi_f2d                   
000032c5  IntRegister                   
000032f9  _c_int00_noargs               
0000335d  __aeabi_i2d                   
0000338b  __TI_zero_init_nomemset       
000033a7  memccpy                       
000033c3  copysign                      
000033c3  copysignl                     
0000340d  strcmp                        
00003425  strchr                        
0000343b  strcpy                        
0000344f  strlen                        
00003463  wcslen                        
00003475  lcd_clear                     
00003485  __TI_decompress_none          
00003493  ResetISR                      
000034a9  __aeabi_errno_addr            
000034b1  _system_pre_init              
000034b5  C$$EXIT                       
000034b5  abort                         
000034b8  _ctypes_                      
000035f8  __TI_Handler_Table_Base       
00003604  __TI_Handler_Table_Limit      
00003620  __TI_CINIT_Base               
00003638  __TI_CINIT_Limit              
20000000  __start___llvm_prf_cnts       
20000000  __stop___llvm_prf_cnts        
20000000  g_pfnRAMVectors               
20000270  __stack                       
20000470  __STACK_TOP                   
20000a70  __STACK_END                   
20000ac4  _timeout_ticks                
20000ac8  errno                         
20000acc  _running                      
ffffffff  __TI_pprof_out_hndl           
ffffffff  __TI_prof_data_size           
ffffffff  __TI_prof_data_start          
ffffffff  __binit__                     
ffffffff  __c_args__                    
ffffffff  binit                         
UNDEFED   __mpu_init                    
UNDEFED   _system_post_cinit            

[106 symbols]
