<?xml version="1.0" encoding="ISO-8859-1" ?>
<link_info>
   <banner>TI ARM Linker PC v20.2.4.LTS</banner>
   <copyright>Copyright (c) 1996-2018 Texas Instruments Incorporated</copyright>
   <link_time>0x61b3bcd2</link_time>
   <link_errors>0x0</link_errors>
   <output_file>lab10.out</output_file>
   <entry_point>
      <name>_c_int00_noargs</name>
      <address>0x67ad</address>
   </entry_point>
   <input_file_list>
      <input_file id="fl-2">
         <path>.\</path>
         <kind>object</kind>
         <file>Timer.obj</file>
         <name>Timer.obj</name>
      </input_file>
      <input_file id="fl-3">
         <path>.\</path>
         <kind>object</kind>
         <file>adc.obj</file>
         <name>adc.obj</name>
      </input_file>
      <input_file id="fl-4">
         <path>.\</path>
         <kind>object</kind>
         <file>alarm.obj</file>
         <name>alarm.obj</name>
      </input_file>
      <input_file id="fl-5">
         <path>.\</path>
         <kind>object</kind>
         <file>button.obj</file>
         <name>button.obj</name>
      </input_file>
      <input_file id="fl-6">
         <path>.\</path>
         <kind>object</kind>
         <file>detection.obj</file>
         <name>detection.obj</name>
      </input_file>
      <input_file id="fl-7">
         <path>.\</path>
         <kind>object</kind>
         <file>lcd.obj</file>
         <name>lcd.obj</name>
      </input_file>
      <input_file id="fl-8">
         <path>.\</path>
         <kind>object</kind>
         <file>mainlab10.obj</file>
         <name>mainlab10.obj</name>
      </input_file>
      <input_file id="fl-9">
         <path>.\</path>
         <kind>object</kind>
         <file>movement.obj</file>
         <name>movement.obj</name>
      </input_file>
      <input_file id="fl-a">
         <path>.\</path>
         <kind>object</kind>
         <file>open_interface.obj</file>
         <name>open_interface.obj</name>
      </input_file>
      <input_file id="fl-b">
         <path>.\</path>
         <kind>object</kind>
         <file>ping.obj</file>
         <name>ping.obj</name>
      </input_file>
      <input_file id="fl-c">
         <path>.\</path>
         <kind>object</kind>
         <file>servo.obj</file>
         <name>servo.obj</name>
      </input_file>
      <input_file id="fl-d">
         <path>.\</path>
         <kind>object</kind>
         <file>tm4c123gh6pm_startup_ccs.obj</file>
         <name>tm4c123gh6pm_startup_ccs.obj</name>
      </input_file>
      <input_file id="fl-e">
         <path>.\</path>
         <kind>object</kind>
         <file>uart.obj</file>
         <name>uart.obj</name>
      </input_file>
      <input_file id="fl-13">
         <kind>object</kind>
         <file>&lt;internal&gt;</file>
         <name>&lt;internal&gt;</name>
      </input_file>
      <input_file id="fl-c9">
         <path>C:\ti\ccs1031\ccs\tools\compiler\ti-cgt-arm_20.2.4.LTS\lib\</path>
         <kind>archive</kind>
         <file>rtsv7M4_T_le_v4SPD16_eabi.lib</file>
         <name>sprintf.c.obj</name>
      </input_file>
      <input_file id="fl-ca">
         <path>C:\ti\ccs1031\ccs\tools\compiler\ti-cgt-arm_20.2.4.LTS\lib\</path>
         <kind>archive</kind>
         <file>rtsv7M4_T_le_v4SPD16_eabi.lib</file>
         <name>vsnprintf.c.obj</name>
      </input_file>
      <input_file id="fl-cb">
         <path>C:\ti\ccs1031\ccs\tools\compiler\ti-cgt-arm_20.2.4.LTS\lib\</path>
         <kind>archive</kind>
         <file>rtsv7M4_T_le_v4SPD16_eabi.lib</file>
         <name>e_pow.c.obj</name>
      </input_file>
      <input_file id="fl-cc">
         <path>C:\ti\ccs1031\ccs\tools\compiler\ti-cgt-arm_20.2.4.LTS\lib\</path>
         <kind>archive</kind>
         <file>rtsv7M4_T_le_v4SPD16_eabi.lib</file>
         <name>e_sqrt.c.obj</name>
      </input_file>
      <input_file id="fl-cd">
         <path>C:\ti\ccs1031\ccs\tools\compiler\ti-cgt-arm_20.2.4.LTS\lib\</path>
         <kind>archive</kind>
         <file>rtsv7M4_T_le_v4SPD16_eabi.lib</file>
         <name>s_cos.c.obj</name>
      </input_file>
      <input_file id="fl-ce">
         <path>C:\ti\ccs1031\ccs\tools\compiler\ti-cgt-arm_20.2.4.LTS\lib\</path>
         <kind>archive</kind>
         <file>rtsv7M4_T_le_v4SPD16_eabi.lib</file>
         <name>s_modf.c.obj</name>
      </input_file>
      <input_file id="fl-cf">
         <path>C:\ti\ccs1031\ccs\tools\compiler\ti-cgt-arm_20.2.4.LTS\lib\</path>
         <kind>archive</kind>
         <file>rtsv7M4_T_le_v4SPD16_eabi.lib</file>
         <name>s_scalbn.c.obj</name>
      </input_file>
      <input_file id="fl-d0">
         <path>C:\ti\ccs1031\ccs\tools\compiler\ti-cgt-arm_20.2.4.LTS\lib\</path>
         <kind>archive</kind>
         <file>rtsv7M4_T_le_v4SPD16_eabi.lib</file>
         <name>s_sin.c.obj</name>
      </input_file>
      <input_file id="fl-d1">
         <path>C:\ti\ccs1031\ccs\tools\compiler\ti-cgt-arm_20.2.4.LTS\lib\</path>
         <kind>archive</kind>
         <file>rtsv7M4_T_le_v4SPD16_eabi.lib</file>
         <name>s_copysign.c.obj</name>
      </input_file>
      <input_file id="fl-d2">
         <path>C:\ti\ccs1031\ccs\tools\compiler\ti-cgt-arm_20.2.4.LTS\lib\</path>
         <kind>archive</kind>
         <file>rtsv7M4_T_le_v4SPD16_eabi.lib</file>
         <name>fd_add_t2.asm.obj</name>
      </input_file>
      <input_file id="fl-d3">
         <path>C:\ti\ccs1031\ccs\tools\compiler\ti-cgt-arm_20.2.4.LTS\lib\</path>
         <kind>archive</kind>
         <file>rtsv7M4_T_le_v4SPD16_eabi.lib</file>
         <name>fd_cmp_t2.asm.obj</name>
      </input_file>
      <input_file id="fl-d4">
         <path>C:\ti\ccs1031\ccs\tools\compiler\ti-cgt-arm_20.2.4.LTS\lib\</path>
         <kind>archive</kind>
         <file>rtsv7M4_T_le_v4SPD16_eabi.lib</file>
         <name>fd_div_t2.asm.obj</name>
      </input_file>
      <input_file id="fl-d5">
         <path>C:\ti\ccs1031\ccs\tools\compiler\ti-cgt-arm_20.2.4.LTS\lib\</path>
         <kind>archive</kind>
         <file>rtsv7M4_T_le_v4SPD16_eabi.lib</file>
         <name>fd_mul_t2.asm.obj</name>
      </input_file>
      <input_file id="fl-d6">
         <path>C:\ti\ccs1031\ccs\tools\compiler\ti-cgt-arm_20.2.4.LTS\lib\</path>
         <kind>archive</kind>
         <file>rtsv7M4_T_le_v4SPD16_eabi.lib</file>
         <name>fd_toi_t2.asm.obj</name>
      </input_file>
      <input_file id="fl-d7">
         <path>C:\ti\ccs1031\ccs\tools\compiler\ti-cgt-arm_20.2.4.LTS\lib\</path>
         <kind>archive</kind>
         <file>rtsv7M4_T_le_v4SPD16_eabi.lib</file>
         <name>fd_tos_t2.asm.obj</name>
      </input_file>
      <input_file id="fl-d8">
         <path>C:\ti\ccs1031\ccs\tools\compiler\ti-cgt-arm_20.2.4.LTS\lib\</path>
         <kind>archive</kind>
         <file>rtsv7M4_T_le_v4SPD16_eabi.lib</file>
         <name>fs_tod_t2.asm.obj</name>
      </input_file>
      <input_file id="fl-d9">
         <path>C:\ti\ccs1031\ccs\tools\compiler\ti-cgt-arm_20.2.4.LTS\lib\</path>
         <kind>archive</kind>
         <file>rtsv7M4_T_le_v4SPD16_eabi.lib</file>
         <name>i_tofd_t2.asm.obj</name>
      </input_file>
      <input_file id="fl-da">
         <path>C:\ti\ccs1031\ccs\tools\compiler\ti-cgt-arm_20.2.4.LTS\lib\</path>
         <kind>archive</kind>
         <file>rtsv7M4_T_le_v4SPD16_eabi.lib</file>
         <name>memcpy_t2.asm.obj</name>
      </input_file>
      <input_file id="fl-db">
         <path>C:\ti\ccs1031\ccs\tools\compiler\ti-cgt-arm_20.2.4.LTS\lib\</path>
         <kind>archive</kind>
         <file>rtsv7M4_T_le_v4SPD16_eabi.lib</file>
         <name>copy_zero_init.c.obj</name>
      </input_file>
      <input_file id="fl-dc">
         <path>C:\ti\ccs1031\ccs\tools\compiler\ti-cgt-arm_20.2.4.LTS\lib\</path>
         <kind>archive</kind>
         <file>rtsv7M4_T_le_v4SPD16_eabi.lib</file>
         <name>copy_decompress_none.c.obj</name>
      </input_file>
      <input_file id="fl-dd">
         <path>C:\ti\ccs1031\ccs\tools\compiler\ti-cgt-arm_20.2.4.LTS\lib\</path>
         <kind>archive</kind>
         <file>rtsv7M4_T_le_v4SPD16_eabi.lib</file>
         <name>copy_decompress_lzss.c.obj</name>
      </input_file>
      <input_file id="fl-de">
         <path>C:\ti\ccs1031\ccs\tools\compiler\ti-cgt-arm_20.2.4.LTS\lib\</path>
         <kind>archive</kind>
         <file>rtsv7M4_T_le_v4SPD16_eabi.lib</file>
         <name>memory.c.obj</name>
      </input_file>
      <input_file id="fl-df">
         <path>C:\ti\ccs1031\ccs\tools\compiler\ti-cgt-arm_20.2.4.LTS\lib\</path>
         <kind>archive</kind>
         <file>rtsv7M4_T_le_v4SPD16_eabi.lib</file>
         <name>strcmp.c.obj</name>
      </input_file>
      <input_file id="fl-e0">
         <path>C:\ti\ccs1031\ccs\tools\compiler\ti-cgt-arm_20.2.4.LTS\lib\</path>
         <kind>archive</kind>
         <file>rtsv7M4_T_le_v4SPD16_eabi.lib</file>
         <name>strcpy.c.obj</name>
      </input_file>
      <input_file id="fl-e1">
         <path>C:\ti\ccs1031\ccs\tools\compiler\ti-cgt-arm_20.2.4.LTS\lib\</path>
         <kind>archive</kind>
         <file>rtsv7M4_T_le_v4SPD16_eabi.lib</file>
         <name>strlen.c.obj</name>
      </input_file>
      <input_file id="fl-e2">
         <path>C:\ti\ccs1031\ccs\tools\compiler\ti-cgt-arm_20.2.4.LTS\lib\</path>
         <kind>archive</kind>
         <file>rtsv7M4_T_le_v4SPD16_eabi.lib</file>
         <name>k_rem_pio2.c.obj</name>
      </input_file>
      <input_file id="fl-e3">
         <path>C:\ti\ccs1031\ccs\tools\compiler\ti-cgt-arm_20.2.4.LTS\lib\</path>
         <kind>archive</kind>
         <file>rtsv7M4_T_le_v4SPD16_eabi.lib</file>
         <name>errno.c.obj</name>
      </input_file>
      <input_file id="fl-e4">
         <path>C:\ti\ccs1031\ccs\tools\compiler\ti-cgt-arm_20.2.4.LTS\lib\</path>
         <kind>archive</kind>
         <file>rtsv7M4_T_le_v4SPD16_eabi.lib</file>
         <name>boot_cortex_m.c.obj</name>
      </input_file>
      <input_file id="fl-e5">
         <path>C:\ti\ccs1031\ccs\tools\compiler\ti-cgt-arm_20.2.4.LTS\lib\</path>
         <kind>archive</kind>
         <file>rtsv7M4_T_le_v4SPD16_eabi.lib</file>
         <name>_printfi.c.obj</name>
      </input_file>
      <input_file id="fl-e6">
         <path>C:\ti\ccs1031\ccs\tools\compiler\ti-cgt-arm_20.2.4.LTS\lib\</path>
         <kind>archive</kind>
         <file>rtsv7M4_T_le_v4SPD16_eabi.lib</file>
         <name>k_cos.c.obj</name>
      </input_file>
      <input_file id="fl-e7">
         <path>C:\ti\ccs1031\ccs\tools\compiler\ti-cgt-arm_20.2.4.LTS\lib\</path>
         <kind>archive</kind>
         <file>rtsv7M4_T_le_v4SPD16_eabi.lib</file>
         <name>k_sin.c.obj</name>
      </input_file>
      <input_file id="fl-e8">
         <path>C:\ti\ccs1031\ccs\tools\compiler\ti-cgt-arm_20.2.4.LTS\lib\</path>
         <kind>archive</kind>
         <file>rtsv7M4_T_le_v4SPD16_eabi.lib</file>
         <name>s_floor.c.obj</name>
      </input_file>
      <input_file id="fl-e9">
         <path>C:\ti\ccs1031\ccs\tools\compiler\ti-cgt-arm_20.2.4.LTS\lib\</path>
         <kind>archive</kind>
         <file>rtsv7M4_T_le_v4SPD16_eabi.lib</file>
         <name>s_frexp.c.obj</name>
      </input_file>
      <input_file id="fl-ea">
         <path>C:\ti\ccs1031\ccs\tools\compiler\ti-cgt-arm_20.2.4.LTS\lib\</path>
         <kind>archive</kind>
         <file>rtsv7M4_T_le_v4SPD16_eabi.lib</file>
         <name>ull_div_t2.asm.obj</name>
      </input_file>
      <input_file id="fl-eb">
         <path>C:\ti\ccs1031\ccs\tools\compiler\ti-cgt-arm_20.2.4.LTS\lib\</path>
         <kind>archive</kind>
         <file>rtsv7M4_T_le_v4SPD16_eabi.lib</file>
         <name>memset_t2.asm.obj</name>
      </input_file>
      <input_file id="fl-ec">
         <path>C:\ti\ccs1031\ccs\tools\compiler\ti-cgt-arm_20.2.4.LTS\lib\</path>
         <kind>archive</kind>
         <file>rtsv7M4_T_le_v4SPD16_eabi.lib</file>
         <name>autoinit.c.obj</name>
      </input_file>
      <input_file id="fl-ed">
         <path>C:\ti\ccs1031\ccs\tools\compiler\ti-cgt-arm_20.2.4.LTS\lib\</path>
         <kind>archive</kind>
         <file>rtsv7M4_T_le_v4SPD16_eabi.lib</file>
         <name>pre_init.c.obj</name>
      </input_file>
      <input_file id="fl-ee">
         <path>C:\ti\ccs1031\ccs\tools\compiler\ti-cgt-arm_20.2.4.LTS\lib\</path>
         <kind>archive</kind>
         <file>rtsv7M4_T_le_v4SPD16_eabi.lib</file>
         <name>cpy_tbl.c.obj</name>
      </input_file>
      <input_file id="fl-ef">
         <path>C:\ti\ccs1031\ccs\tools\compiler\ti-cgt-arm_20.2.4.LTS\lib\</path>
         <kind>archive</kind>
         <file>rtsv7M4_T_le_v4SPD16_eabi.lib</file>
         <name>exit.c.obj</name>
      </input_file>
      <input_file id="fl-f0">
         <path>C:\ti\ccs1031\ccs\tools\compiler\ti-cgt-arm_20.2.4.LTS\lib\</path>
         <kind>archive</kind>
         <file>rtsv7M4_T_le_v4SPD16_eabi.lib</file>
         <name>_lock.c.obj</name>
      </input_file>
      <input_file id="fl-f1">
         <path>C:\ti\ccs1031\ccs\tools\compiler\ti-cgt-arm_20.2.4.LTS\lib\</path>
         <kind>archive</kind>
         <file>rtsv7M4_T_le_v4SPD16_eabi.lib</file>
         <name>_ltoa.c.obj</name>
      </input_file>
      <input_file id="fl-f2">
         <path>C:\ti\ccs1031\ccs\tools\compiler\ti-cgt-arm_20.2.4.LTS\lib\</path>
         <kind>archive</kind>
         <file>rtsv7M4_T_le_v4SPD16_eabi.lib</file>
         <name>args_main.c.obj</name>
      </input_file>
      <input_file id="fl-f3">
         <path>C:\ti\ccs1031\ccs\tools\compiler\ti-cgt-arm_20.2.4.LTS\lib\</path>
         <kind>archive</kind>
         <file>rtsv7M4_T_le_v4SPD16_eabi.lib</file>
         <name>atoi.c.obj</name>
      </input_file>
      <input_file id="fl-f4">
         <path>C:\ti\ccs1031\ccs\tools\compiler\ti-cgt-arm_20.2.4.LTS\lib\</path>
         <kind>archive</kind>
         <file>rtsv7M4_T_le_v4SPD16_eabi.lib</file>
         <name>ctype.c.obj</name>
      </input_file>
      <input_file id="fl-f5">
         <path>C:\ti\ccs1031\ccs\tools\compiler\ti-cgt-arm_20.2.4.LTS\lib\</path>
         <kind>archive</kind>
         <file>rtsv7M4_T_le_v4SPD16_eabi.lib</file>
         <name>memccpy.c.obj</name>
      </input_file>
      <input_file id="fl-f6">
         <path>C:\ti\ccs1031\ccs\tools\compiler\ti-cgt-arm_20.2.4.LTS\lib\</path>
         <kind>archive</kind>
         <file>rtsv7M4_T_le_v4SPD16_eabi.lib</file>
         <name>strchr.c.obj</name>
      </input_file>
      <input_file id="fl-f7">
         <path>C:\ti\ccs1031\ccs\tools\compiler\ti-cgt-arm_20.2.4.LTS\lib\</path>
         <kind>archive</kind>
         <file>rtsv7M4_T_le_v4SPD16_eabi.lib</file>
         <name>wcslen.c.obj</name>
      </input_file>
      <input_file id="fl-f8">
         <path>C:\ti\ccs1031\ccs\tools\compiler\ti-cgt-arm_20.2.4.LTS\lib\</path>
         <kind>archive</kind>
         <file>rtsv7M4_T_le_v4SPD16_eabi.lib</file>
         <name>div0.asm.obj</name>
      </input_file>
      <input_file id="fl-f9">
         <path>C:\ti\TivaWare_C_Series-2.1.4.178\driverlib\ccs\Debug\</path>
         <kind>archive</kind>
         <file>driverlib.lib</file>
         <name>interrupt.obj</name>
      </input_file>
      <input_file id="fl-fa">
         <path>C:\ti\TivaWare_C_Series-2.1.4.178\driverlib\ccs\Debug\</path>
         <kind>archive</kind>
         <file>driverlib.lib</file>
         <name>cpu.obj</name>
      </input_file>
   </input_file_list>
   <object_component_list>
      <object_component id="oc-12">
         <name>.intvecs</name>
         <load_address>0x0</load_address>
         <run_address>0x0</run_address>
         <size>0x26c</size>
         <input_file_ref idref="fl-d"/>
      </object_component>
      <object_component id="oc-d7">
         <name>.text</name>
         <load_address>0x26c</load_address>
         <run_address>0x26c</run_address>
         <size>0xc20</size>
         <input_file_ref idref="fl-a"/>
      </object_component>
      <object_component id="oc-284">
         <name>.text:__TI_printfi</name>
         <load_address>0xe8c</load_address>
         <run_address>0xe8c</run_address>
         <size>0xa4e</size>
         <input_file_ref idref="fl-e5"/>
      </object_component>
      <object_component id="oc-301">
         <name>.text:_nop</name>
         <load_address>0x18da</load_address>
         <run_address>0x18da</run_address>
         <size>0x2</size>
         <input_file_ref idref="fl-f0"/>
      </object_component>
      <object_component id="oc-1cf">
         <name>.text:pow</name>
         <load_address>0x18dc</load_address>
         <run_address>0x18dc</run_address>
         <size>0x9c0</size>
         <input_file_ref idref="fl-cb"/>
      </object_component>
      <object_component id="oc-2cf">
         <name>.text:__kernel_rem_pio2</name>
         <load_address>0x229c</load_address>
         <run_address>0x229c</run_address>
         <size>0x738</size>
         <input_file_ref idref="fl-e2"/>
      </object_component>
      <object_component id="oc-f5">
         <name>.text</name>
         <load_address>0x29d4</load_address>
         <run_address>0x29d4</run_address>
         <size>0x6ac</size>
         <input_file_ref idref="fl-9"/>
      </object_component>
      <object_component id="oc-1db">
         <name>.text:cos</name>
         <load_address>0x3080</load_address>
         <run_address>0x3080</run_address>
         <size>0x5dc</size>
         <input_file_ref idref="fl-cd"/>
      </object_component>
      <object_component id="oc-1e1">
         <name>.text:sin</name>
         <load_address>0x365c</load_address>
         <run_address>0x365c</run_address>
         <size>0x5c4</size>
         <input_file_ref idref="fl-d0"/>
      </object_component>
      <object_component id="oc-e3">
         <name>.text</name>
         <load_address>0x3c20</load_address>
         <run_address>0x3c20</run_address>
         <size>0x328</size>
         <input_file_ref idref="fl-7"/>
      </object_component>
      <object_component id="oc-101">
         <name>.text</name>
         <load_address>0x3f48</load_address>
         <run_address>0x3f48</run_address>
         <size>0x2f4</size>
         <input_file_ref idref="fl-6"/>
      </object_component>
      <object_component id="oc-354">
         <name>.text:_pconv_a</name>
         <load_address>0x423c</load_address>
         <run_address>0x423c</run_address>
         <size>0x270</size>
         <input_file_ref idref="fl-e5"/>
      </object_component>
      <object_component id="oc-156">
         <name>.text</name>
         <load_address>0x44ac</load_address>
         <run_address>0x44ac</run_address>
         <size>0x248</size>
         <input_file_ref idref="fl-2"/>
      </object_component>
      <object_component id="oc-fb">
         <name>.text</name>
         <load_address>0x46f4</load_address>
         <run_address>0x46f4</run_address>
         <size>0x230</size>
         <input_file_ref idref="fl-e"/>
      </object_component>
      <object_component id="oc-e9">
         <name>.text</name>
         <load_address>0x4924</load_address>
         <run_address>0x4924</run_address>
         <size>0x1f8</size>
         <input_file_ref idref="fl-b"/>
      </object_component>
      <object_component id="oc-342">
         <name>.text:_pconv_g</name>
         <load_address>0x4b1c</load_address>
         <run_address>0x4b1c</run_address>
         <size>0x1d0</size>
         <input_file_ref idref="fl-e5"/>
      </object_component>
      <object_component id="oc-187">
         <name>.text</name>
         <load_address>0x4cec</load_address>
         <run_address>0x4cec</run_address>
         <size>0x1b6</size>
         <input_file_ref idref="fl-d2"/>
      </object_component>
      <object_component id="oc-435">
         <name>.text</name>
         <load_address>0x4ea2</load_address>
         <run_address>0x4ea2</run_address>
         <size>0x2</size>
         <input_file_ref idref="fl-f8"/>
      </object_component>
      <object_component id="oc-2d5">
         <name>.text:__kernel_sin</name>
         <load_address>0x4ea4</load_address>
         <run_address>0x4ea4</run_address>
         <size>0x174</size>
         <input_file_ref idref="fl-e7"/>
      </object_component>
      <object_component id="oc-2c9">
         <name>.text:__kernel_cos</name>
         <load_address>0x5018</load_address>
         <run_address>0x5018</run_address>
         <size>0x16c</size>
         <input_file_ref idref="fl-e6"/>
      </object_component>
      <object_component id="oc-ef">
         <name>.text</name>
         <load_address>0x5184</load_address>
         <run_address>0x5184</run_address>
         <size>0x158</size>
         <input_file_ref idref="fl-3"/>
      </object_component>
      <object_component id="oc-20c">
         <name>.text:sqrt</name>
         <load_address>0x52dc</load_address>
         <run_address>0x52dc</run_address>
         <size>0x158</size>
         <input_file_ref idref="fl-cc"/>
      </object_component>
      <object_component id="oc-34e">
         <name>.text:_pconv_e</name>
         <load_address>0x5434</load_address>
         <run_address>0x5434</run_address>
         <size>0x13c</size>
         <input_file_ref idref="fl-e5"/>
      </object_component>
      <object_component id="oc-17d">
         <name>.text</name>
         <load_address>0x5570</load_address>
         <run_address>0x5570</run_address>
         <size>0x136</size>
         <input_file_ref idref="fl-d4"/>
      </object_component>
      <object_component id="oc-3e9">
         <name>.text:fcvt</name>
         <load_address>0x56a8</load_address>
         <run_address>0x56a8</run_address>
         <size>0x124</size>
         <input_file_ref idref="fl-e5"/>
      </object_component>
      <object_component id="oc-dd">
         <name>.text</name>
         <load_address>0x57cc</load_address>
         <run_address>0x57cc</run_address>
         <size>0x11c</size>
         <input_file_ref idref="fl-c"/>
      </object_component>
      <object_component id="oc-2ba">
         <name>.text:scalbn</name>
         <load_address>0x58e8</load_address>
         <run_address>0x58e8</run_address>
         <size>0x110</size>
         <input_file_ref idref="fl-cf"/>
      </object_component>
      <object_component id="oc-320">
         <name>.text:aligned_alloc</name>
         <load_address>0x59f8</load_address>
         <run_address>0x59f8</run_address>
         <size>0x100</size>
         <input_file_ref idref="fl-de"/>
      </object_component>
      <object_component id="oc-178">
         <name>.text</name>
         <load_address>0x5af8</load_address>
         <run_address>0x5af8</run_address>
         <size>0xfc</size>
         <input_file_ref idref="fl-d5"/>
      </object_component>
      <object_component id="oc-395">
         <name>.text:floor</name>
         <load_address>0x5bf4</load_address>
         <run_address>0x5bf4</run_address>
         <size>0xf8</size>
         <input_file_ref idref="fl-e8"/>
      </object_component>
      <object_component id="oc-150">
         <name>.text:free</name>
         <load_address>0x5cec</load_address>
         <run_address>0x5cec</run_address>
         <size>0xe4</size>
         <input_file_ref idref="fl-de"/>
      </object_component>
      <object_component id="oc-33c">
         <name>.text:_ltostr</name>
         <load_address>0x5dd0</load_address>
         <run_address>0x5dd0</run_address>
         <size>0xb1</size>
         <input_file_ref idref="fl-e5"/>
      </object_component>
      <object_component id="oc-201">
         <name>.text:modf</name>
         <load_address>0x5e84</load_address>
         <run_address>0x5e84</run_address>
         <size>0x9c</size>
         <input_file_ref idref="fl-ce"/>
      </object_component>
      <object_component id="oc-3e">
         <name>.text</name>
         <load_address>0x5f20</load_address>
         <run_address>0x5f20</run_address>
         <size>0x9c</size>
         <input_file_ref idref="fl-da"/>
      </object_component>
      <object_component id="oc-3d0">
         <name>.text</name>
         <load_address>0x5fbc</load_address>
         <run_address>0x5fbc</run_address>
         <size>0x96</size>
         <input_file_ref idref="fl-ea"/>
      </object_component>
      <object_component id="oc-1d6">
         <name>.text:__aeabi_cdcmple</name>
         <load_address>0x6052</load_address>
         <run_address>0x6052</run_address>
         <size>0x86</size>
         <input_file_ref idref="fl-d3"/>
      </object_component>
      <object_component id="oc-1e7">
         <name>.text:__aeabi_cdrcmple</name>
         <load_address>0x60d8</load_address>
         <run_address>0x60d8</run_address>
         <size>0x86</size>
         <input_file_ref idref="fl-d3"/>
      </object_component>
      <object_component id="oc-a2">
         <name>.text</name>
         <load_address>0x615e</load_address>
         <run_address>0x615e</run_address>
         <size>0x82</size>
         <input_file_ref idref="fl-8"/>
      </object_component>
      <object_component id="oc-96">
         <name>.text</name>
         <load_address>0x61e0</load_address>
         <run_address>0x61e0</run_address>
         <size>0x7a</size>
         <input_file_ref idref="fl-eb"/>
      </object_component>
      <object_component id="oc-3c0">
         <name>.text:split</name>
         <load_address>0x625c</load_address>
         <run_address>0x625c</run_address>
         <size>0x70</size>
         <input_file_ref idref="fl-de"/>
      </object_component>
      <object_component id="oc-3e2">
         <name>.text:_mcpy</name>
         <load_address>0x62cc</load_address>
         <run_address>0x62cc</run_address>
         <size>0x6e</size>
         <input_file_ref idref="fl-e5"/>
      </object_component>
      <object_component id="oc-18f">
         <name>.text</name>
         <load_address>0x633a</load_address>
         <run_address>0x633a</run_address>
         <size>0x6e</size>
         <input_file_ref idref="fl-d7"/>
      </object_component>
      <object_component id="oc-15">
         <name>.text:decompress:lzss:__TI_decompress_lzss</name>
         <load_address>0x63a8</load_address>
         <run_address>0x63a8</run_address>
         <size>0x68</size>
         <input_file_ref idref="fl-dd"/>
      </object_component>
      <object_component id="oc-3f7">
         <name>.text:frexp</name>
         <load_address>0x6410</load_address>
         <run_address>0x6410</run_address>
         <size>0x64</size>
         <input_file_ref idref="fl-e9"/>
      </object_component>
      <object_component id="oc-348">
         <name>.text:_pconv_f</name>
         <load_address>0x6474</load_address>
         <run_address>0x6474</run_address>
         <size>0x56</size>
         <input_file_ref idref="fl-e5"/>
      </object_component>
      <object_component id="oc-3d6">
         <name>.text:__TI_ltoa</name>
         <load_address>0x64ca</load_address>
         <run_address>0x64ca</run_address>
         <size>0x54</size>
         <input_file_ref idref="fl-f1"/>
      </object_component>
      <object_component id="oc-3dc">
         <name>.text:_ecpy</name>
         <load_address>0x651e</load_address>
         <run_address>0x651e</run_address>
         <size>0x52</size>
         <input_file_ref idref="fl-e5"/>
      </object_component>
      <object_component id="oc-336">
         <name>.text:atoi</name>
         <load_address>0x6570</load_address>
         <run_address>0x6570</run_address>
         <size>0x4c</size>
         <input_file_ref idref="fl-f3"/>
      </object_component>
      <object_component id="oc-1a1">
         <name>.text</name>
         <load_address>0x65bc</load_address>
         <run_address>0x65bc</run_address>
         <size>0x48</size>
         <input_file_ref idref="fl-d6"/>
      </object_component>
      <object_component id="oc-116">
         <name>.text:__TI_auto_init_nobinit_nopinit:__TI_auto_init_nobinit_nopinit</name>
         <load_address>0x6604</load_address>
         <run_address>0x6604</run_address>
         <size>0x44</size>
         <input_file_ref idref="fl-ec"/>
      </object_component>
      <object_component id="oc-1f2">
         <name>.text:sprintf</name>
         <load_address>0x6648</load_address>
         <run_address>0x6648</run_address>
         <size>0x40</size>
         <input_file_ref idref="fl-c9"/>
      </object_component>
      <object_component id="oc-1ae">
         <name>.text:vsnprintf</name>
         <load_address>0x6688</load_address>
         <run_address>0x6688</run_address>
         <size>0x40</size>
         <input_file_ref idref="fl-ca"/>
      </object_component>
      <object_component id="oc-3ef">
         <name>.text:_fcpy</name>
         <load_address>0x66c8</load_address>
         <run_address>0x66c8</run_address>
         <size>0x3e</size>
         <input_file_ref idref="fl-e5"/>
      </object_component>
      <object_component id="oc-14a">
         <name>.text:calloc</name>
         <load_address>0x6708</load_address>
         <run_address>0x6708</run_address>
         <size>0x38</size>
         <input_file_ref idref="fl-de"/>
      </object_component>
      <object_component id="oc-194">
         <name>.text</name>
         <load_address>0x6740</load_address>
         <run_address>0x6740</run_address>
         <size>0x38</size>
         <input_file_ref idref="fl-d8"/>
      </object_component>
      <object_component id="oc-169">
         <name>.text:IntRegister</name>
         <load_address>0x6778</load_address>
         <run_address>0x6778</run_address>
         <size>0x34</size>
         <input_file_ref idref="fl-f9"/>
      </object_component>
      <object_component id="oc-5c">
         <name>.text:_c_int00_noargs:_c_int00_noargs</name>
         <load_address>0x67ac</load_address>
         <run_address>0x67ac</run_address>
         <size>0x34</size>
         <input_file_ref idref="fl-e4"/>
      </object_component>
      <object_component id="oc-28a">
         <name>.text:_outs</name>
         <load_address>0x67e0</load_address>
         <run_address>0x67e0</run_address>
         <size>0x30</size>
         <input_file_ref idref="fl-ca"/>
      </object_component>
      <object_component id="oc-182">
         <name>.text</name>
         <load_address>0x6810</load_address>
         <run_address>0x6810</run_address>
         <size>0x2e</size>
         <input_file_ref idref="fl-d9"/>
      </object_component>
      <object_component id="oc-253">
         <name>.text:free_list_insert</name>
         <load_address>0x6840</load_address>
         <run_address>0x6840</run_address>
         <size>0x28</size>
         <input_file_ref idref="fl-de"/>
      </object_component>
      <object_component id="oc-24d">
         <name>.text:free_list_remove</name>
         <load_address>0x6868</load_address>
         <run_address>0x6868</run_address>
         <size>0x1c</size>
         <input_file_ref idref="fl-de"/>
      </object_component>
      <object_component id="oc-35a">
         <name>.text:memccpy</name>
         <load_address>0x6884</load_address>
         <run_address>0x6884</run_address>
         <size>0x1c</size>
         <input_file_ref idref="fl-f5"/>
      </object_component>
      <object_component id="oc-37f">
         <name>.text:copysign</name>
         <load_address>0x68a0</load_address>
         <run_address>0x68a0</run_address>
         <size>0x1a</size>
         <input_file_ref idref="fl-d1"/>
      </object_component>
      <object_component id="oc-290">
         <name>.text:_outc</name>
         <load_address>0x68ba</load_address>
         <run_address>0x68ba</run_address>
         <size>0x18</size>
         <input_file_ref idref="fl-ca"/>
      </object_component>
      <object_component id="oc-2e2">
         <name>.text:_outs</name>
         <load_address>0x68d2</load_address>
         <run_address>0x68d2</run_address>
         <size>0x18</size>
         <input_file_ref idref="fl-c9"/>
      </object_component>
      <object_component id="oc-15c">
         <name>.text:oi_parseInt</name>
         <load_address>0x68ea</load_address>
         <run_address>0x68ea</run_address>
         <size>0x18</size>
         <input_file_ref idref="fl-a"/>
      </object_component>
      <object_component id="oc-163">
         <name>.text:strcmp</name>
         <load_address>0x6902</load_address>
         <run_address>0x6902</run_address>
         <size>0x18</size>
         <input_file_ref idref="fl-df"/>
      </object_component>
      <object_component id="oc-3fd">
         <name>.text:strchr</name>
         <load_address>0x691a</load_address>
         <run_address>0x691a</run_address>
         <size>0x16</size>
         <input_file_ref idref="fl-f6"/>
      </object_component>
      <object_component id="oc-1b4">
         <name>.text:strcpy</name>
         <load_address>0x6930</load_address>
         <run_address>0x6930</run_address>
         <size>0x14</size>
         <input_file_ref idref="fl-e0"/>
      </object_component>
      <object_component id="oc-1ec">
         <name>.text:strlen</name>
         <load_address>0x6944</load_address>
         <run_address>0x6944</run_address>
         <size>0x14</size>
         <input_file_ref idref="fl-e1"/>
      </object_component>
      <object_component id="oc-360">
         <name>.text:wcslen</name>
         <load_address>0x6958</load_address>
         <run_address>0x6958</run_address>
         <size>0x12</size>
         <input_file_ref idref="fl-f7"/>
      </object_component>
      <object_component id="oc-16f">
         <name>.text:IntMasterEnable</name>
         <load_address>0x696a</load_address>
         <run_address>0x696a</run_address>
         <size>0x10</size>
         <input_file_ref idref="fl-f9"/>
      </object_component>
      <object_component id="oc-1a7">
         <name>.text:lcd_clear</name>
         <load_address>0x697a</load_address>
         <run_address>0x697a</run_address>
         <size>0x10</size>
         <input_file_ref idref="fl-7"/>
      </object_component>
      <object_component id="oc-1b">
         <name>.text:decompress:none:__TI_decompress_none</name>
         <load_address>0x698a</load_address>
         <run_address>0x698a</run_address>
         <size>0xe</size>
         <input_file_ref idref="fl-dc"/>
      </object_component>
      <object_component id="oc-26b">
         <name>.text:CPUcpsie</name>
         <load_address>0x6998</load_address>
         <run_address>0x6998</run_address>
         <size>0xc</size>
         <input_file_ref idref="fl-fa"/>
      </object_component>
      <object_component id="oc-50">
         <name>.text:decompress:ZI:__TI_zero_init</name>
         <load_address>0x69a4</load_address>
         <run_address>0x69a4</run_address>
         <size>0xc</size>
         <input_file_ref idref="fl-db"/>
      </object_component>
      <object_component id="oc-2a">
         <name>.text</name>
         <load_address>0x69b0</load_address>
         <run_address>0x69b0</run_address>
         <size>0xc</size>
         <input_file_ref idref="fl-d"/>
      </object_component>
      <object_component id="oc-2e8">
         <name>.text:_outc</name>
         <load_address>0x69bc</load_address>
         <run_address>0x69bc</run_address>
         <size>0xa</size>
         <input_file_ref idref="fl-c9"/>
      </object_component>
      <object_component id="oc-2b1">
         <name>.text:__aeabi_errno_addr</name>
         <load_address>0x69c8</load_address>
         <run_address>0x69c8</run_address>
         <size>0x8</size>
         <input_file_ref idref="fl-e3"/>
      </object_component>
      <object_component id="oc-246">
         <name>.text:malloc</name>
         <load_address>0x69d0</load_address>
         <run_address>0x69d0</run_address>
         <size>0x8</size>
         <input_file_ref idref="fl-de"/>
      </object_component>
      <object_component id="oc-9c">
         <name>.text:_system_pre_init</name>
         <load_address>0x69d8</load_address>
         <run_address>0x69d8</run_address>
         <size>0x4</size>
         <input_file_ref idref="fl-ed"/>
      </object_component>
      <object_component id="oc-10a">
         <name>.text:abort:abort</name>
         <load_address>0x69dc</load_address>
         <run_address>0x69dc</run_address>
         <size>0x4</size>
         <input_file_ref idref="fl-ef"/>
      </object_component>
      <object_component id="oc-39b">
         <name>.const:$O1$$</name>
         <load_address>0x69e0</load_address>
         <run_address>0x69e0</run_address>
         <size>0x158</size>
         <input_file_ref idref="fl-e2"/>
      </object_component>
      <object_component id="oc-3cb">
         <name>.const:.string:_ctypes_</name>
         <load_address>0x6b38</load_address>
         <run_address>0x6b38</run_address>
         <size>0x101</size>
         <input_file_ref idref="fl-f4"/>
      </object_component>
      <object_component id="oc-1ba">
         <name>.const:.string:lineAddress$1</name>
         <load_address>0x6c39</load_address>
         <run_address>0x6c39</run_address>
         <size>0x4</size>
         <input_file_ref idref="fl-7"/>
      </object_component>
      <object_component id="oc-2b7">
         <name>.const:$O1$$</name>
         <load_address>0x6c40</load_address>
         <run_address>0x6c40</run_address>
         <size>0x30</size>
         <input_file_ref idref="fl-cb"/>
      </object_component>
      <object_component id="oc-18c">
         <name>.const:.string:$P$T0$3</name>
         <load_address>0x6c70</load_address>
         <run_address>0x6c70</run_address>
         <size>0xf</size>
         <input_file_ref idref="fl-a"/>
      </object_component>
      <object_component id="oc-1bb">
         <name>.const:.string:lineAddresses$2</name>
         <load_address>0x6c7f</load_address>
         <run_address>0x6c7f</run_address>
         <size>0x4</size>
         <input_file_ref idref="fl-7"/>
      </object_component>
      <object_component id="oc-48a">
         <name>.cinit..data.load</name>
         <load_address>0x6c88</load_address>
         <run_address>0x6c88</run_address>
         <size>0x19</size>
      </object_component>
      <object_component id="oc-487">
         <name>__TI_handler_table</name>
         <load_address>0x6ca4</load_address>
         <run_address>0x6ca4</run_address>
         <size>0xc</size>
      </object_component>
      <object_component id="oc-48b">
         <name>.cinit..bss.load</name>
         <load_address>0x6cb0</load_address>
         <run_address>0x6cb0</run_address>
         <size>0x8</size>
      </object_component>
      <object_component id="oc-489">
         <name>.cinit..vtable.load</name>
         <load_address>0x6cb8</load_address>
         <run_address>0x6cb8</run_address>
         <size>0x8</size>
      </object_component>
      <object_component id="oc-488">
         <name>__TI_cinit_table</name>
         <load_address>0x6cc0</load_address>
         <run_address>0x6cc0</run_address>
         <size>0x18</size>
      </object_component>
      <object_component id="oc-261">
         <name>.vtable</name>
         <uninitialized>true</uninitialized>
         <run_address>0x20000000</run_address>
         <size>0x26c</size>
         <input_file_ref idref="fl-f9"/>
      </object_component>
      <object_component id="oc-25a">
         <name>.data</name>
         <load_address>0x2000189c</load_address>
         <run_address>0x2000189c</run_address>
         <size>0x1</size>
         <input_file_ref idref="fl-2"/>
      </object_component>
      <object_component id="oc-212">
         <name>.data</name>
         <load_address>0x20001890</load_address>
         <run_address>0x20001890</run_address>
         <size>0x8</size>
         <input_file_ref idref="fl-6"/>
      </object_component>
      <object_component id="oc-175">
         <name>.data</name>
         <load_address>0x20001860</load_address>
         <run_address>0x20001860</run_address>
         <size>0x20</size>
         <input_file_ref idref="fl-a"/>
      </object_component>
      <object_component id="oc-327">
         <name>.data:$O1$$</name>
         <load_address>0x20001888</load_address>
         <run_address>0x20001888</run_address>
         <size>0x8</size>
         <input_file_ref idref="fl-de"/>
      </object_component>
      <object_component id="oc-378">
         <name>.data</name>
         <load_address>0x20001898</load_address>
         <run_address>0x20001898</run_address>
         <size>0x4</size>
         <input_file_ref idref="fl-e3"/>
      </object_component>
      <object_component id="oc-22a">
         <name>.data:$O1$$</name>
         <load_address>0x20001880</load_address>
         <run_address>0x20001880</run_address>
         <size>0x8</size>
         <input_file_ref idref="fl-f0"/>
      </object_component>
      <object_component id="oc-1bc">
         <name>.bss:lastbuffer$3</name>
         <uninitialized>true</uninitialized>
         <run_address>0x20000b44</run_address>
         <size>0x54</size>
         <input_file_ref idref="fl-7"/>
      </object_component>
      <object_component id="oc-199">
         <name>.bss:firmware$2</name>
         <uninitialized>true</uninitialized>
         <run_address>0x20000c10</run_address>
         <size>0x18</size>
         <input_file_ref idref="fl-a"/>
      </object_component>
      <object_component id="oc-25d">
         <name>.common:_timeout_ticks</name>
         <uninitialized>true</uninitialized>
         <run_address>0x20000c34</run_address>
         <size>0x4</size>
      </object_component>
      <object_component id="oc-20a">
         <name>.common:uart_data</name>
         <uninitialized>true</uninitialized>
         <run_address>0x20000c5a</run_address>
         <size>0x1</size>
      </object_component>
      <object_component id="oc-207">
         <name>.common:flag</name>
         <uninitialized>true</uninitialized>
         <run_address>0x20000c58</run_address>
         <size>0x1</size>
      </object_component>
      <object_component id="oc-1c4">
         <name>.common:ping_state</name>
         <uninitialized>true</uninitialized>
         <run_address>0x20000c59</run_address>
         <size>0x1</size>
      </object_component>
      <object_component id="oc-1cc">
         <name>.common:tr</name>
         <uninitialized>true</uninitialized>
         <run_address>0x20000c54</run_address>
         <size>0x4</size>
      </object_component>
      <object_component id="oc-1cb">
         <name>.common:tf</name>
         <uninitialized>true</uninitialized>
         <run_address>0x20000c50</run_address>
         <size>0x4</size>
      </object_component>
      <object_component id="oc-1cd">
         <name>.common:t_total</name>
         <uninitialized>true</uninitialized>
         <run_address>0x20000c4c</run_address>
         <size>0x4</size>
      </object_component>
      <object_component id="oc-217">
         <name>.common:init_angle</name>
         <uninitialized>true</uninitialized>
         <run_address>0x20000bc0</run_address>
         <size>0x28</size>
      </object_component>
      <object_component id="oc-218">
         <name>.common:final_angle</name>
         <uninitialized>true</uninitialized>
         <run_address>0x20000b98</run_address>
         <size>0x28</size>
      </object_component>
      <object_component id="oc-219">
         <name>.common:widths</name>
         <uninitialized>true</uninitialized>
         <run_address>0x20000be8</run_address>
         <size>0x28</size>
      </object_component>
      <object_component id="oc-215">
         <name>.common:aarray</name>
         <uninitialized>true</uninitialized>
         <run_address>0x20000270</run_address>
         <size>0x870</size>
      </object_component>
      <object_component id="oc-216">
         <name>.common:distance</name>
         <uninitialized>true</uninitialized>
         <run_address>0x20000c44</run_address>
         <size>0x4</size>
      </object_component>
      <object_component id="oc-1fd">
         <name>.common:botX</name>
         <uninitialized>true</uninitialized>
         <run_address>0x20000c3c</run_address>
         <size>0x4</size>
      </object_component>
      <object_component id="oc-1fc">
         <name>.common:botY</name>
         <uninitialized>true</uninitialized>
         <run_address>0x20000c40</run_address>
         <size>0x4</size>
      </object_component>
      <object_component id="oc-1fb">
         <name>.common:botAngle</name>
         <uninitialized>true</uninitialized>
         <run_address>0x20000c38</run_address>
         <size>0x4</size>
      </object_component>
      <object_component id="oc-1ff">
         <name>.common:currentPosition</name>
         <uninitialized>true</uninitialized>
         <run_address>0x20000c28</run_address>
         <size>0xc</size>
      </object_component>
      <object_component id="oc-1fe">
         <name>.common:toPutty</name>
         <uninitialized>true</uninitialized>
         <run_address>0x20000ae0</run_address>
         <size>0x64</size>
      </object_component>
      <object_component id="oc-1f8">
         <name>.common:sensor</name>
         <uninitialized>true</uninitialized>
         <run_address>0x20000c48</run_address>
         <size>0x4</size>
      </object_component>
      <object_component id="oc-24">
         <name>.sysmem</name>
         <uninitialized>true</uninitialized>
         <run_address>0x20001460</run_address>
         <size>0x10</size>
         <input_file_ref idref="fl-de"/>
      </object_component>
      <object_component id="oc-48e">
         <name>.sysmem</name>
         <uninitialized>true</uninitialized>
         <run_address>0x20001460</run_address>
         <size>0x0</size>
      </object_component>
      <object_component id="oc-27">
         <name>.stack</name>
         <uninitialized>true</uninitialized>
         <run_address>0x20000c60</run_address>
         <size>0x4</size>
         <input_file_ref idref="fl-e4"/>
      </object_component>
      <object_component id="oc-48d">
         <name>.stack</name>
         <uninitialized>true</uninitialized>
         <run_address>0x20000c60</run_address>
         <size>0x0</size>
      </object_component>
      <object_component id="oc-c5">
         <name>.debug_info</name>
         <load_address>0x0</load_address>
         <run_address>0x0</run_address>
         <size>0x2af</size>
         <input_file_ref idref="fl-2"/>
      </object_component>
      <object_component id="oc-25b">
         <name>.debug_info</name>
         <load_address>0x2af</load_address>
         <run_address>0x2af</run_address>
         <size>0xbd</size>
         <input_file_ref idref="fl-2"/>
      </object_component>
      <object_component id="oc-15a">
         <name>.debug_info</name>
         <load_address>0x36c</load_address>
         <run_address>0x36c</run_address>
         <size>0x505</size>
         <input_file_ref idref="fl-2"/>
      </object_component>
      <object_component id="oc-77">
         <name>.debug_info</name>
         <load_address>0x871</load_address>
         <run_address>0x871</run_address>
         <size>0x26b</size>
         <input_file_ref idref="fl-2"/>
      </object_component>
      <object_component id="oc-39">
         <name>.debug_info</name>
         <load_address>0xadc</load_address>
         <run_address>0xadc</run_address>
         <size>0x84</size>
         <input_file_ref idref="fl-2"/>
      </object_component>
      <object_component id="oc-c0">
         <name>.debug_info</name>
         <load_address>0xb60</load_address>
         <run_address>0xb60</run_address>
         <size>0x2a4</size>
         <input_file_ref idref="fl-2"/>
      </object_component>
      <object_component id="oc-7c">
         <name>.debug_info</name>
         <load_address>0xe04</load_address>
         <run_address>0xe04</run_address>
         <size>0xbb</size>
         <input_file_ref idref="fl-2"/>
      </object_component>
      <object_component id="oc-f1">
         <name>.debug_info</name>
         <load_address>0xebf</load_address>
         <run_address>0xebf</run_address>
         <size>0x260</size>
         <input_file_ref idref="fl-3"/>
      </object_component>
      <object_component id="oc-335">
         <name>.debug_info</name>
         <load_address>0x111f</load_address>
         <run_address>0x111f</run_address>
         <size>0x31a</size>
         <input_file_ref idref="fl-4"/>
      </object_component>
      <object_component id="oc-21d">
         <name>.debug_info</name>
         <load_address>0x1439</load_address>
         <run_address>0x1439</run_address>
         <size>0x5aa</size>
         <input_file_ref idref="fl-4"/>
      </object_component>
      <object_component id="oc-27e">
         <name>.debug_info</name>
         <load_address>0x19e3</load_address>
         <run_address>0x19e3</run_address>
         <size>0xcc</size>
         <input_file_ref idref="fl-4"/>
      </object_component>
      <object_component id="oc-1bf">
         <name>.debug_info</name>
         <load_address>0x1aaf</load_address>
         <run_address>0x1aaf</run_address>
         <size>0x2c</size>
         <input_file_ref idref="fl-4"/>
      </object_component>
      <object_component id="oc-1c5">
         <name>.debug_info</name>
         <load_address>0x1adb</load_address>
         <run_address>0x1adb</run_address>
         <size>0x564</size>
         <input_file_ref idref="fl-6"/>
      </object_component>
      <object_component id="oc-213">
         <name>.debug_info</name>
         <load_address>0x203f</load_address>
         <run_address>0x203f</run_address>
         <size>0xb5</size>
         <input_file_ref idref="fl-6"/>
      </object_component>
      <object_component id="oc-103">
         <name>.debug_info</name>
         <load_address>0x20f4</load_address>
         <run_address>0x20f4</run_address>
         <size>0x360</size>
         <input_file_ref idref="fl-6"/>
      </object_component>
      <object_component id="oc-222">
         <name>.debug_info</name>
         <load_address>0x2454</load_address>
         <run_address>0x2454</run_address>
         <size>0x44</size>
         <input_file_ref idref="fl-6"/>
      </object_component>
      <object_component id="oc-2a8">
         <name>.debug_info</name>
         <load_address>0x2498</load_address>
         <run_address>0x2498</run_address>
         <size>0x76</size>
         <input_file_ref idref="fl-6"/>
      </object_component>
      <object_component id="oc-1be">
         <name>.debug_info</name>
         <load_address>0x250e</load_address>
         <run_address>0x250e</run_address>
         <size>0x377</size>
         <input_file_ref idref="fl-7"/>
      </object_component>
      <object_component id="oc-1a9">
         <name>.debug_info</name>
         <load_address>0x2885</load_address>
         <run_address>0x2885</run_address>
         <size>0x112</size>
         <input_file_ref idref="fl-7"/>
      </object_component>
      <object_component id="oc-e4">
         <name>.debug_info</name>
         <load_address>0x2997</load_address>
         <run_address>0x2997</run_address>
         <size>0x89e</size>
         <input_file_ref idref="fl-7"/>
      </object_component>
      <object_component id="oc-108">
         <name>.debug_info</name>
         <load_address>0x3235</load_address>
         <run_address>0x3235</run_address>
         <size>0x50e</size>
         <input_file_ref idref="fl-8"/>
      </object_component>
      <object_component id="oc-a3">
         <name>.debug_info</name>
         <load_address>0x3743</load_address>
         <run_address>0x3743</run_address>
         <size>0x202</size>
         <input_file_ref idref="fl-8"/>
      </object_component>
      <object_component id="oc-1f9">
         <name>.debug_info</name>
         <load_address>0x3945</load_address>
         <run_address>0x3945</run_address>
         <size>0x4d9</size>
         <input_file_ref idref="fl-9"/>
      </object_component>
      <object_component id="oc-f6">
         <name>.debug_info</name>
         <load_address>0x3e1e</load_address>
         <run_address>0x3e1e</run_address>
         <size>0xee4</size>
         <input_file_ref idref="fl-9"/>
      </object_component>
      <object_component id="oc-2f2">
         <name>.debug_info</name>
         <load_address>0x4d02</load_address>
         <run_address>0x4d02</run_address>
         <size>0x69</size>
         <input_file_ref idref="fl-9"/>
      </object_component>
      <object_component id="oc-19b">
         <name>.debug_info</name>
         <load_address>0x4d6b</load_address>
         <run_address>0x4d6b</run_address>
         <size>0x3f4</size>
         <input_file_ref idref="fl-a"/>
      </object_component>
      <object_component id="oc-176">
         <name>.debug_info</name>
         <load_address>0x515f</load_address>
         <run_address>0x515f</run_address>
         <size>0x10f</size>
         <input_file_ref idref="fl-a"/>
      </object_component>
      <object_component id="oc-18d">
         <name>.debug_info</name>
         <load_address>0x526e</load_address>
         <run_address>0x526e</run_address>
         <size>0xc4</size>
         <input_file_ref idref="fl-a"/>
      </object_component>
      <object_component id="oc-15d">
         <name>.debug_info</name>
         <load_address>0x5332</load_address>
         <run_address>0x5332</run_address>
         <size>0x13c</size>
         <input_file_ref idref="fl-a"/>
      </object_component>
      <object_component id="oc-d8">
         <name>.debug_info</name>
         <load_address>0x546e</load_address>
         <run_address>0x546e</run_address>
         <size>0x1986</size>
         <input_file_ref idref="fl-a"/>
      </object_component>
      <object_component id="oc-19c">
         <name>.debug_info</name>
         <load_address>0x6df4</load_address>
         <run_address>0x6df4</run_address>
         <size>0x8b</size>
         <input_file_ref idref="fl-a"/>
      </object_component>
      <object_component id="oc-1c7">
         <name>.debug_info</name>
         <load_address>0x6e7f</load_address>
         <run_address>0x6e7f</run_address>
         <size>0x378</size>
         <input_file_ref idref="fl-b"/>
      </object_component>
      <object_component id="oc-ea">
         <name>.debug_info</name>
         <load_address>0x71f7</load_address>
         <run_address>0x71f7</run_address>
         <size>0x23c</size>
         <input_file_ref idref="fl-b"/>
      </object_component>
      <object_component id="oc-1c9">
         <name>.debug_info</name>
         <load_address>0x7433</load_address>
         <run_address>0x7433</run_address>
         <size>0x324</size>
         <input_file_ref idref="fl-c"/>
      </object_component>
      <object_component id="oc-de">
         <name>.debug_info</name>
         <load_address>0x7757</load_address>
         <run_address>0x7757</run_address>
         <size>0x1cc</size>
         <input_file_ref idref="fl-c"/>
      </object_component>
      <object_component id="oc-32">
         <name>.debug_info</name>
         <load_address>0x7923</load_address>
         <run_address>0x7923</run_address>
         <size>0x299</size>
         <input_file_ref idref="fl-d"/>
      </object_component>
      <object_component id="oc-13">
         <name>.debug_info</name>
         <load_address>0x7bbc</load_address>
         <run_address>0x7bbc</run_address>
         <size>0xd8</size>
         <input_file_ref idref="fl-d"/>
      </object_component>
      <object_component id="oc-2b">
         <name>.debug_info</name>
         <load_address>0x7c94</load_address>
         <run_address>0x7c94</run_address>
         <size>0x254</size>
         <input_file_ref idref="fl-d"/>
      </object_component>
      <object_component id="oc-208">
         <name>.debug_info</name>
         <load_address>0x7ee8</load_address>
         <run_address>0x7ee8</run_address>
         <size>0x325</size>
         <input_file_ref idref="fl-e"/>
      </object_component>
      <object_component id="oc-fc">
         <name>.debug_info</name>
         <load_address>0x820d</load_address>
         <run_address>0x820d</run_address>
         <size>0x48b</size>
         <input_file_ref idref="fl-e"/>
      </object_component>
      <object_component id="oc-2ef">
         <name>.debug_info</name>
         <load_address>0x8698</load_address>
         <run_address>0x8698</run_address>
         <size>0x333</size>
         <input_file_ref idref="fl-c9"/>
      </object_component>
      <object_component id="oc-1f5">
         <name>.debug_info</name>
         <load_address>0x89cb</load_address>
         <run_address>0x89cb</run_address>
         <size>0x1d1</size>
         <input_file_ref idref="fl-c9"/>
      </object_component>
      <object_component id="oc-2e4">
         <name>.debug_info</name>
         <load_address>0x8b9c</load_address>
         <run_address>0x8b9c</run_address>
         <size>0x18d</size>
         <input_file_ref idref="fl-c9"/>
      </object_component>
      <object_component id="oc-2ec">
         <name>.debug_info</name>
         <load_address>0x8d29</load_address>
         <run_address>0x8d29</run_address>
         <size>0x16d</size>
         <input_file_ref idref="fl-c9"/>
      </object_component>
      <object_component id="oc-298">
         <name>.debug_info</name>
         <load_address>0x8e96</load_address>
         <run_address>0x8e96</run_address>
         <size>0x2c</size>
         <input_file_ref idref="fl-c9"/>
      </object_component>
      <object_component id="oc-297">
         <name>.debug_info</name>
         <load_address>0x8ec2</load_address>
         <run_address>0x8ec2</run_address>
         <size>0x340</size>
         <input_file_ref idref="fl-ca"/>
      </object_component>
      <object_component id="oc-1b1">
         <name>.debug_info</name>
         <load_address>0x9202</load_address>
         <run_address>0x9202</run_address>
         <size>0x208</size>
         <input_file_ref idref="fl-ca"/>
      </object_component>
      <object_component id="oc-28b">
         <name>.debug_info</name>
         <load_address>0x940a</load_address>
         <run_address>0x940a</run_address>
         <size>0x1c6</size>
         <input_file_ref idref="fl-ca"/>
      </object_component>
      <object_component id="oc-293">
         <name>.debug_info</name>
         <load_address>0x95d0</load_address>
         <run_address>0x95d0</run_address>
         <size>0x179</size>
         <input_file_ref idref="fl-ca"/>
      </object_component>
      <object_component id="oc-29d">
         <name>.debug_info</name>
         <load_address>0x9749</load_address>
         <run_address>0x9749</run_address>
         <size>0x69</size>
         <input_file_ref idref="fl-ca"/>
      </object_component>
      <object_component id="oc-2c6">
         <name>.debug_info</name>
         <load_address>0x97b2</load_address>
         <run_address>0x97b2</run_address>
         <size>0x363</size>
         <input_file_ref idref="fl-cb"/>
      </object_component>
      <object_component id="oc-2b8">
         <name>.debug_info</name>
         <load_address>0x9b15</load_address>
         <run_address>0x9b15</run_address>
         <size>0x128</size>
         <input_file_ref idref="fl-cb"/>
      </object_component>
      <object_component id="oc-1d0">
         <name>.debug_info</name>
         <load_address>0x9c3d</load_address>
         <run_address>0x9c3d</run_address>
         <size>0xbdf</size>
         <input_file_ref idref="fl-cb"/>
      </object_component>
      <object_component id="oc-38c">
         <name>.debug_info</name>
         <load_address>0xa81c</load_address>
         <run_address>0xa81c</run_address>
         <size>0x46</size>
         <input_file_ref idref="fl-cb"/>
      </object_component>
      <object_component id="oc-2c1">
         <name>.debug_info</name>
         <load_address>0xa862</load_address>
         <run_address>0xa862</run_address>
         <size>0x39</size>
         <input_file_ref idref="fl-cb"/>
      </object_component>
      <object_component id="oc-2fc">
         <name>.debug_info</name>
         <load_address>0xa89b</load_address>
         <run_address>0xa89b</run_address>
         <size>0x2ca</size>
         <input_file_ref idref="fl-cc"/>
      </object_component>
      <object_component id="oc-20d">
         <name>.debug_info</name>
         <load_address>0xab65</load_address>
         <run_address>0xab65</run_address>
         <size>0x24e</size>
         <input_file_ref idref="fl-cc"/>
      </object_component>
      <object_component id="oc-2dc">
         <name>.debug_info</name>
         <load_address>0xadb3</load_address>
         <run_address>0xadb3</run_address>
         <size>0x366</size>
         <input_file_ref idref="fl-cd"/>
      </object_component>
      <object_component id="oc-1dc">
         <name>.debug_info</name>
         <load_address>0xb119</load_address>
         <run_address>0xb119</run_address>
         <size>0x79b</size>
         <input_file_ref idref="fl-cd"/>
      </object_component>
      <object_component id="oc-2f8">
         <name>.debug_info</name>
         <load_address>0xb8b4</load_address>
         <run_address>0xb8b4</run_address>
         <size>0x299</size>
         <input_file_ref idref="fl-ce"/>
      </object_component>
      <object_component id="oc-202">
         <name>.debug_info</name>
         <load_address>0xbb4d</load_address>
         <run_address>0xbb4d</run_address>
         <size>0x1bb</size>
         <input_file_ref idref="fl-ce"/>
      </object_component>
      <object_component id="oc-386">
         <name>.debug_info</name>
         <load_address>0xbd08</load_address>
         <run_address>0xbd08</run_address>
         <size>0x2fd</size>
         <input_file_ref idref="fl-cf"/>
      </object_component>
      <object_component id="oc-2bb">
         <name>.debug_info</name>
         <load_address>0xc005</load_address>
         <run_address>0xc005</run_address>
         <size>0x225</size>
         <input_file_ref idref="fl-cf"/>
      </object_component>
      <object_component id="oc-420">
         <name>.debug_info</name>
         <load_address>0xc22a</load_address>
         <run_address>0xc22a</run_address>
         <size>0x39</size>
         <input_file_ref idref="fl-cf"/>
      </object_component>
      <object_component id="oc-387">
         <name>.debug_info</name>
         <load_address>0xc263</load_address>
         <run_address>0xc263</run_address>
         <size>0x2c</size>
         <input_file_ref idref="fl-cf"/>
      </object_component>
      <object_component id="oc-2de">
         <name>.debug_info</name>
         <load_address>0xc28f</load_address>
         <run_address>0xc28f</run_address>
         <size>0x366</size>
         <input_file_ref idref="fl-d0"/>
      </object_component>
      <object_component id="oc-1e3">
         <name>.debug_info</name>
         <load_address>0xc5f5</load_address>
         <run_address>0xc5f5</run_address>
         <size>0x796</size>
         <input_file_ref idref="fl-d0"/>
      </object_component>
      <object_component id="oc-382">
         <name>.debug_info</name>
         <load_address>0xcd8b</load_address>
         <run_address>0xcd8b</run_address>
         <size>0x161</size>
         <input_file_ref idref="fl-d1"/>
      </object_component>
      <object_component id="oc-189">
         <name>.debug_info</name>
         <load_address>0xceec</load_address>
         <run_address>0xceec</run_address>
         <size>0x14c</size>
         <input_file_ref idref="fl-d2"/>
      </object_component>
      <object_component id="oc-1d9">
         <name>.debug_info</name>
         <load_address>0xd038</load_address>
         <run_address>0xd038</run_address>
         <size>0x128</size>
         <input_file_ref idref="fl-d3"/>
      </object_component>
      <object_component id="oc-1e9">
         <name>.debug_info</name>
         <load_address>0xd160</load_address>
         <run_address>0xd160</run_address>
         <size>0x12a</size>
         <input_file_ref idref="fl-d3"/>
      </object_component>
      <object_component id="oc-17e">
         <name>.debug_info</name>
         <load_address>0xd28a</load_address>
         <run_address>0xd28a</run_address>
         <size>0x13a</size>
         <input_file_ref idref="fl-d4"/>
      </object_component>
      <object_component id="oc-17b">
         <name>.debug_info</name>
         <load_address>0xd3c4</load_address>
         <run_address>0xd3c4</run_address>
         <size>0x13a</size>
         <input_file_ref idref="fl-d5"/>
      </object_component>
      <object_component id="oc-1a4">
         <name>.debug_info</name>
         <load_address>0xd4fe</load_address>
         <run_address>0xd4fe</run_address>
         <size>0x12e</size>
         <input_file_ref idref="fl-d6"/>
      </object_component>
      <object_component id="oc-190">
         <name>.debug_info</name>
         <load_address>0xd62c</load_address>
         <run_address>0xd62c</run_address>
         <size>0x13e</size>
         <input_file_ref idref="fl-d7"/>
      </object_component>
      <object_component id="oc-196">
         <name>.debug_info</name>
         <load_address>0xd76a</load_address>
         <run_address>0xd76a</run_address>
         <size>0x12c</size>
         <input_file_ref idref="fl-d8"/>
      </object_component>
      <object_component id="oc-185">
         <name>.debug_info</name>
         <load_address>0xd896</load_address>
         <run_address>0xd896</run_address>
         <size>0x12c</size>
         <input_file_ref idref="fl-d9"/>
      </object_component>
      <object_component id="oc-3f">
         <name>.debug_info</name>
         <load_address>0xd9c2</load_address>
         <run_address>0xd9c2</run_address>
         <size>0x119</size>
         <input_file_ref idref="fl-da"/>
      </object_component>
      <object_component id="oc-95">
         <name>.debug_info</name>
         <load_address>0xdadb</load_address>
         <run_address>0xdadb</run_address>
         <size>0x2d4</size>
         <input_file_ref idref="fl-db"/>
      </object_component>
      <object_component id="oc-51">
         <name>.debug_info</name>
         <load_address>0xddaf</load_address>
         <run_address>0xddaf</run_address>
         <size>0x1b5</size>
         <input_file_ref idref="fl-db"/>
      </object_component>
      <object_component id="oc-90">
         <name>.debug_info</name>
         <load_address>0xdf64</load_address>
         <run_address>0xdf64</run_address>
         <size>0x46</size>
         <input_file_ref idref="fl-db"/>
      </object_component>
      <object_component id="oc-ce">
         <name>.debug_info</name>
         <load_address>0xdfaa</load_address>
         <run_address>0xdfaa</run_address>
         <size>0x2c</size>
         <input_file_ref idref="fl-db"/>
      </object_component>
      <object_component id="oc-49">
         <name>.debug_info</name>
         <load_address>0xdfd6</load_address>
         <run_address>0xdfd6</run_address>
         <size>0x2a8</size>
         <input_file_ref idref="fl-dc"/>
      </object_component>
      <object_component id="oc-1d">
         <name>.debug_info</name>
         <load_address>0xe27e</load_address>
         <run_address>0xe27e</run_address>
         <size>0x1ea</size>
         <input_file_ref idref="fl-dc"/>
      </object_component>
      <object_component id="oc-44">
         <name>.debug_info</name>
         <load_address>0xe468</load_address>
         <run_address>0xe468</run_address>
         <size>0x46</size>
         <input_file_ref idref="fl-dc"/>
      </object_component>
      <object_component id="oc-88">
         <name>.debug_info</name>
         <load_address>0xe4ae</load_address>
         <run_address>0xe4ae</run_address>
         <size>0x2c</size>
         <input_file_ref idref="fl-dc"/>
      </object_component>
      <object_component id="oc-86">
         <name>.debug_info</name>
         <load_address>0xe4da</load_address>
         <run_address>0xe4da</run_address>
         <size>0x29e</size>
         <input_file_ref idref="fl-dd"/>
      </object_component>
      <object_component id="oc-16">
         <name>.debug_info</name>
         <load_address>0xe778</load_address>
         <run_address>0xe778</run_address>
         <size>0x250</size>
         <input_file_ref idref="fl-dd"/>
      </object_component>
      <object_component id="oc-34">
         <name>.debug_info</name>
         <load_address>0xe9c8</load_address>
         <run_address>0xe9c8</run_address>
         <size>0x60</size>
         <input_file_ref idref="fl-dd"/>
      </object_component>
      <object_component id="oc-c7">
         <name>.debug_info</name>
         <load_address>0xea28</load_address>
         <run_address>0xea28</run_address>
         <size>0x46</size>
         <input_file_ref idref="fl-dd"/>
      </object_component>
      <object_component id="oc-81">
         <name>.debug_info</name>
         <load_address>0xea6e</load_address>
         <run_address>0xea6e</run_address>
         <size>0x39</size>
         <input_file_ref idref="fl-dd"/>
      </object_component>
      <object_component id="oc-70">
         <name>.debug_info</name>
         <load_address>0xeaa7</load_address>
         <run_address>0xeaa7</run_address>
         <size>0x3b2</size>
         <input_file_ref idref="fl-de"/>
      </object_component>
      <object_component id="oc-25">
         <name>.debug_info</name>
         <load_address>0xee59</load_address>
         <run_address>0xee59</run_address>
         <size>0x10c</size>
         <input_file_ref idref="fl-de"/>
      </object_component>
      <object_component id="oc-328">
         <name>.debug_info</name>
         <load_address>0xef65</load_address>
         <run_address>0xef65</run_address>
         <size>0x13f</size>
         <input_file_ref idref="fl-de"/>
      </object_component>
      <object_component id="oc-249">
         <name>.debug_info</name>
         <load_address>0xf0a4</load_address>
         <run_address>0xf0a4</run_address>
         <size>0x168</size>
         <input_file_ref idref="fl-de"/>
      </object_component>
      <object_component id="oc-250">
         <name>.debug_info</name>
         <load_address>0xf20c</load_address>
         <run_address>0xf20c</run_address>
         <size>0x18e</size>
         <input_file_ref idref="fl-de"/>
      </object_component>
      <object_component id="oc-256">
         <name>.debug_info</name>
         <load_address>0xf39a</load_address>
         <run_address>0xf39a</run_address>
         <size>0x19f</size>
         <input_file_ref idref="fl-de"/>
      </object_component>
      <object_component id="oc-154">
         <name>.debug_info</name>
         <load_address>0xf539</load_address>
         <run_address>0xf539</run_address>
         <size>0x203</size>
         <input_file_ref idref="fl-de"/>
      </object_component>
      <object_component id="oc-3c3">
         <name>.debug_info</name>
         <load_address>0xf73c</load_address>
         <run_address>0xf73c</run_address>
         <size>0x1db</size>
         <input_file_ref idref="fl-de"/>
      </object_component>
      <object_component id="oc-14d">
         <name>.debug_info</name>
         <load_address>0xf917</load_address>
         <run_address>0xf917</run_address>
         <size>0x1a5</size>
         <input_file_ref idref="fl-de"/>
      </object_component>
      <object_component id="oc-323">
         <name>.debug_info</name>
         <load_address>0xfabc</load_address>
         <run_address>0xfabc</run_address>
         <size>0x299</size>
         <input_file_ref idref="fl-de"/>
      </object_component>
      <object_component id="oc-bb">
         <name>.debug_info</name>
         <load_address>0xfd55</load_address>
         <run_address>0xfd55</run_address>
         <size>0xb2</size>
         <input_file_ref idref="fl-de"/>
      </object_component>
      <object_component id="oc-b6">
         <name>.debug_info</name>
         <load_address>0xfe07</load_address>
         <run_address>0xfe07</run_address>
         <size>0x2c</size>
         <input_file_ref idref="fl-de"/>
      </object_component>
      <object_component id="oc-260">
         <name>.debug_info</name>
         <load_address>0xfe33</load_address>
         <run_address>0xfe33</run_address>
         <size>0x28a</size>
         <input_file_ref idref="fl-df"/>
      </object_component>
      <object_component id="oc-164">
         <name>.debug_info</name>
         <load_address>0x100bd</load_address>
         <run_address>0x100bd</run_address>
         <size>0x273</size>
         <input_file_ref idref="fl-df"/>
      </object_component>
      <object_component id="oc-2a3">
         <name>.debug_info</name>
         <load_address>0x10330</load_address>
         <run_address>0x10330</run_address>
         <size>0x2a4</size>
         <input_file_ref idref="fl-e0"/>
      </object_component>
      <object_component id="oc-1b7">
         <name>.debug_info</name>
         <load_address>0x105d4</load_address>
         <run_address>0x105d4</run_address>
         <size>0x24d</size>
         <input_file_ref idref="fl-e0"/>
      </object_component>
      <object_component id="oc-2e1">
         <name>.debug_info</name>
         <load_address>0x10821</load_address>
         <run_address>0x10821</run_address>
         <size>0x28f</size>
         <input_file_ref idref="fl-e1"/>
      </object_component>
      <object_component id="oc-1ee">
         <name>.debug_info</name>
         <load_address>0x10ab0</load_address>
         <run_address>0x10ab0</run_address>
         <size>0x245</size>
         <input_file_ref idref="fl-e1"/>
      </object_component>
      <object_component id="oc-39f">
         <name>.debug_info</name>
         <load_address>0x10cf5</load_address>
         <run_address>0x10cf5</run_address>
         <size>0x3aa</size>
         <input_file_ref idref="fl-e2"/>
      </object_component>
      <object_component id="oc-39c">
         <name>.debug_info</name>
         <load_address>0x1109f</load_address>
         <run_address>0x1109f</run_address>
         <size>0x13a</size>
         <input_file_ref idref="fl-e2"/>
      </object_component>
      <object_component id="oc-2d0">
         <name>.debug_info</name>
         <load_address>0x111d9</load_address>
         <run_address>0x111d9</run_address>
         <size>0x72f</size>
         <input_file_ref idref="fl-e2"/>
      </object_component>
      <object_component id="oc-37c">
         <name>.debug_info</name>
         <load_address>0x11908</load_address>
         <run_address>0x11908</run_address>
         <size>0x289</size>
         <input_file_ref idref="fl-e3"/>
      </object_component>
      <object_component id="oc-379">
         <name>.debug_info</name>
         <load_address>0x11b91</load_address>
         <run_address>0x11b91</run_address>
         <size>0x10e</size>
         <input_file_ref idref="fl-e3"/>
      </object_component>
      <object_component id="oc-2b3">
         <name>.debug_info</name>
         <load_address>0x11c9f</load_address>
         <run_address>0x11c9f</run_address>
         <size>0x14e</size>
         <input_file_ref idref="fl-e3"/>
      </object_component>
      <object_component id="oc-28">
         <name>.debug_info</name>
         <load_address>0x11ded</load_address>
         <run_address>0x11ded</run_address>
         <size>0x10b</size>
         <input_file_ref idref="fl-e4"/>
      </object_component>
      <object_component id="oc-5d">
         <name>.debug_info</name>
         <load_address>0x11ef8</load_address>
         <run_address>0x11ef8</run_address>
         <size>0x1a9</size>
         <input_file_ref idref="fl-e4"/>
      </object_component>
      <object_component id="oc-367">
         <name>.debug_info</name>
         <load_address>0x120a1</load_address>
         <run_address>0x120a1</run_address>
         <size>0x590</size>
         <input_file_ref idref="fl-e5"/>
      </object_component>
      <object_component id="oc-340">
         <name>.debug_info</name>
         <load_address>0x12631</load_address>
         <run_address>0x12631</run_address>
         <size>0x21e</size>
         <input_file_ref idref="fl-e5"/>
      </object_component>
      <object_component id="oc-3e0">
         <name>.debug_info</name>
         <load_address>0x1284f</load_address>
         <run_address>0x1284f</run_address>
         <size>0x1b3</size>
         <input_file_ref idref="fl-e5"/>
      </object_component>
      <object_component id="oc-3e6">
         <name>.debug_info</name>
         <load_address>0x12a02</load_address>
         <run_address>0x12a02</run_address>
         <size>0x21b</size>
         <input_file_ref idref="fl-e5"/>
      </object_component>
      <object_component id="oc-346">
         <name>.debug_info</name>
         <load_address>0x12c1d</load_address>
         <run_address>0x12c1d</run_address>
         <size>0x3c0</size>
         <input_file_ref idref="fl-e5"/>
      </object_component>
      <object_component id="oc-3ed">
         <name>.debug_info</name>
         <load_address>0x12fdd</load_address>
         <run_address>0x12fdd</run_address>
         <size>0x30a</size>
         <input_file_ref idref="fl-e5"/>
      </object_component>
      <object_component id="oc-3f3">
         <name>.debug_info</name>
         <load_address>0x132e7</load_address>
         <run_address>0x132e7</run_address>
         <size>0x215</size>
         <input_file_ref idref="fl-e5"/>
      </object_component>
      <object_component id="oc-34c">
         <name>.debug_info</name>
         <load_address>0x134fc</load_address>
         <run_address>0x134fc</run_address>
         <size>0x215</size>
         <input_file_ref idref="fl-e5"/>
      </object_component>
      <object_component id="oc-352">
[...]
         <name>oi_getMotorCalibrationRight</name>
         <value>0xe01</value>
         <object_component_ref idref="oc-d7"/>
      </symbol>
      <symbol id="sm-28b">
         <name>oi_uartReceive</name>
         <value>0xa31</value>
         <object_component_ref idref="oc-d7"/>
      </symbol>
      <symbol id="sm-28c">
         <name>oi_setWheels</name>
         <value>0x88f</value>
         <object_component_ref idref="oc-d7"/>
      </symbol>
      <symbol id="sm-28d">
         <name>oi_shutoff_init</name>
         <value>0xb51</value>
         <object_component_ref idref="oc-d7"/>
      </symbol>
      <symbol id="sm-28e">
         <name>motor_cal_factor_L</name>
         <value>0x20001860</value>
         <object_component_ref idref="oc-175"/>
      </symbol>
      <symbol id="sm-28f">
         <name>motor_cal_factor_R</name>
         <value>0x20001864</value>
         <object_component_ref idref="oc-175"/>
      </symbol>
      <symbol id="sm-290">
         <name>oi_parseInt</name>
         <value>0x68eb</value>
         <object_component_ref idref="oc-15c"/>
      </symbol>
      <symbol id="sm-291">
         <name>oi_setMotorCalibration</name>
         <value>0xdb1</value>
         <object_component_ref idref="oc-d7"/>
      </symbol>
      <symbol id="sm-292">
         <name>oi_uartSendStr</name>
         <value>0xa59</value>
         <object_component_ref idref="oc-d7"/>
      </symbol>
      <symbol id="sm-293">
         <name>oi_close</name>
         <value>0x2c7</value>
         <object_component_ref idref="oc-d7"/>
      </symbol>
      <symbol id="sm-294">
         <name>oi_uartSendBuff</name>
         <value>0xa77</value>
         <object_component_ref idref="oc-d7"/>
      </symbol>
      <symbol id="sm-295">
         <name>oi_checkFirmware</name>
         <value>0xaa9</value>
         <object_component_ref idref="oc-d7"/>
      </symbol>
      <symbol id="sm-296">
         <name>oi_init_noupdate</name>
         <value>0x289</value>
         <object_component_ref idref="oc-d7"/>
      </symbol>
      <symbol id="sm-297">
         <name>oi_uartSendChar</name>
         <value>0xa15</value>
         <object_component_ref idref="oc-d7"/>
      </symbol>
      <symbol id="sm-298">
         <name>oi_alloc</name>
         <value>0x26d</value>
         <object_component_ref idref="oc-d7"/>
      </symbol>
      <symbol id="sm-299">
         <name>oi_getMotorCalibrationLeft</name>
         <value>0xded</value>
         <object_component_ref idref="oc-d7"/>
      </symbol>
      <symbol id="sm-29a">
         <name>oi_loadSong</name>
         <value>0x915</value>
         <object_component_ref idref="oc-d7"/>
      </symbol>
      <symbol id="sm-29b">
         <name>oi_play_song</name>
         <value>0x96b</value>
         <object_component_ref idref="oc-d7"/>
      </symbol>
      <symbol id="sm-29c">
         <name>oi_parsePacket</name>
         <value>0x32b</value>
         <object_component_ref idref="oc-d7"/>
      </symbol>
      <symbol id="sm-29d">
         <name>oi_setLeds</name>
         <value>0x84b</value>
         <object_component_ref idref="oc-d7"/>
      </symbol>
      <symbol id="sm-29e">
         <name>oi_init</name>
         <value>0x2b1</value>
         <object_component_ref idref="oc-d7"/>
      </symbol>
      <symbol id="sm-29f">
         <name>oi_update</name>
         <value>0x2d9</value>
         <object_component_ref idref="oc-d7"/>
      </symbol>
      <symbol id="sm-2a0">
         <name>oi_uartInit</name>
         <value>0x98d</value>
         <object_component_ref idref="oc-d7"/>
      </symbol>
      <symbol id="sm-2cb">
         <name>ping_read</name>
         <value>0x4a99</value>
         <object_component_ref idref="oc-e9"/>
      </symbol>
      <symbol id="sm-2cc">
         <name>ping_sendpulse</name>
         <value>0x49df</value>
         <object_component_ref idref="oc-e9"/>
      </symbol>
      <symbol id="sm-2cd">
         <name>TIMER3B_Handler</name>
         <value>0x4a61</value>
         <object_component_ref idref="oc-e9"/>
      </symbol>
      <symbol id="sm-2ce">
         <name>ping_init</name>
         <value>0x4925</value>
         <object_component_ref idref="oc-e9"/>
      </symbol>
      <symbol id="sm-2ef">
         <name>servo_move</name>
         <value>0x57cd</value>
         <object_component_ref idref="oc-dd"/>
      </symbol>
      <symbol id="sm-2f0">
         <name>servo_init</name>
         <value>0x5819</value>
         <object_component_ref idref="oc-dd"/>
      </symbol>
      <symbol id="sm-30c">
         <name>ResetISR</name>
         <value>0x69b1</value>
         <object_component_ref idref="oc-2a"/>
      </symbol>
      <symbol id="sm-30d">
         <name>g_pfnVectors</name>
         <value>0x0</value>
         <object_component_ref idref="oc-12"/>
      </symbol>
      <symbol id="sm-340">
         <name>uart_interrupt_handler</name>
         <value>0x488f</value>
         <object_component_ref idref="oc-fb"/>
      </symbol>
      <symbol id="sm-341">
         <name>uart_sendChar</name>
         <value>0x47f5</value>
         <object_component_ref idref="oc-fb"/>
      </symbol>
      <symbol id="sm-342">
         <name>uart_interrupt_init</name>
         <value>0x486f</value>
         <object_component_ref idref="oc-fb"/>
      </symbol>
      <symbol id="sm-343">
         <name>uart_init</name>
         <value>0x46f5</value>
         <object_component_ref idref="oc-fb"/>
      </symbol>
      <symbol id="sm-344">
         <name>uart_receive</name>
         <value>0x4811</value>
         <object_component_ref idref="oc-fb"/>
      </symbol>
      <symbol id="sm-345">
         <name>uart_echo</name>
         <value>0x4855</value>
         <object_component_ref idref="oc-fb"/>
      </symbol>
      <symbol id="sm-346">
         <name>uart_sendStr</name>
         <value>0x4837</value>
         <object_component_ref idref="oc-fb"/>
      </symbol>
      <symbol id="sm-36d">
         <name>sprintf</name>
         <value>0x6649</value>
         <object_component_ref idref="oc-1f2"/>
      </symbol>
      <symbol id="sm-397">
         <name>vsnprintf</name>
         <value>0x6689</value>
         <object_component_ref idref="oc-1ae"/>
      </symbol>
      <symbol id="sm-42e">
         <name>pow</name>
         <value>0x18dd</value>
         <object_component_ref idref="oc-1cf"/>
      </symbol>
      <symbol id="sm-42f">
         <name>powl</name>
         <value>0x18dd</value>
         <object_component_ref idref="oc-1cf"/>
      </symbol>
      <symbol id="sm-451">
         <name>sqrtl</name>
         <value>0x52dd</value>
         <object_component_ref idref="oc-20c"/>
      </symbol>
      <symbol id="sm-452">
         <name>sqrt</name>
         <value>0x52dd</value>
         <object_component_ref idref="oc-20c"/>
      </symbol>
      <symbol id="sm-4a3">
         <name>cosl</name>
         <value>0x3081</value>
         <object_component_ref idref="oc-1db"/>
      </symbol>
      <symbol id="sm-4a4">
         <name>cos</name>
         <value>0x3081</value>
         <object_component_ref idref="oc-1db"/>
      </symbol>
      <symbol id="sm-4bc">
         <name>modfl</name>
         <value>0x5e85</value>
         <object_component_ref idref="oc-201"/>
      </symbol>
      <symbol id="sm-4bd">
         <name>modf</name>
         <value>0x5e85</value>
         <object_component_ref idref="oc-201"/>
      </symbol>
      <symbol id="sm-4e4">
         <name>scalbn</name>
         <value>0x58e9</value>
         <object_component_ref idref="oc-2ba"/>
      </symbol>
      <symbol id="sm-4e5">
         <name>scalbnl</name>
         <value>0x58e9</value>
         <object_component_ref idref="oc-2ba"/>
      </symbol>
      <symbol id="sm-4e6">
         <name>ldexpl</name>
         <value>0x58e9</value>
         <object_component_ref idref="oc-2ba"/>
      </symbol>
      <symbol id="sm-4e7">
         <name>ldexp</name>
         <value>0x58e9</value>
         <object_component_ref idref="oc-2ba"/>
      </symbol>
      <symbol id="sm-533">
         <name>sin</name>
         <value>0x365d</value>
         <object_component_ref idref="oc-1e1"/>
      </symbol>
      <symbol id="sm-534">
         <name>sinl</name>
         <value>0x365d</value>
         <object_component_ref idref="oc-1e1"/>
      </symbol>
      <symbol id="sm-53e">
         <name>copysign</name>
         <value>0x68a1</value>
         <object_component_ref idref="oc-37f"/>
      </symbol>
      <symbol id="sm-53f">
         <name>copysignl</name>
         <value>0x68a1</value>
         <object_component_ref idref="oc-37f"/>
      </symbol>
      <symbol id="sm-556">
         <name>__aeabi_dsub</name>
         <value>0x4ced</value>
         <object_component_ref idref="oc-187"/>
      </symbol>
      <symbol id="sm-557">
         <name>__aeabi_dadd</name>
         <value>0x4cf7</value>
         <object_component_ref idref="oc-187"/>
      </symbol>
      <symbol id="sm-579">
         <name>__aeabi_cdcmpeq</name>
         <value>0x6053</value>
         <object_component_ref idref="oc-1d6"/>
      </symbol>
      <symbol id="sm-57a">
         <name>__aeabi_cdcmple</name>
         <value>0x6053</value>
         <object_component_ref idref="oc-1d6"/>
      </symbol>
      <symbol id="sm-57b">
         <name>__aeabi_cdrcmple</name>
         <value>0x60d9</value>
         <object_component_ref idref="oc-1e7"/>
      </symbol>
      <symbol id="sm-58f">
         <name>__aeabi_ddiv</name>
         <value>0x5571</value>
         <object_component_ref idref="oc-17d"/>
      </symbol>
      <symbol id="sm-59a">
         <name>__aeabi_dmul</name>
         <value>0x5af9</value>
         <object_component_ref idref="oc-178"/>
      </symbol>
      <symbol id="sm-5a4">
         <name>__aeabi_d2iz</name>
         <value>0x65bd</value>
         <object_component_ref idref="oc-1a1"/>
      </symbol>
      <symbol id="sm-5b0">
         <name>__aeabi_d2f</name>
         <value>0x633b</value>
         <object_component_ref idref="oc-18f"/>
      </symbol>
      <symbol id="sm-5bb">
         <name>__aeabi_f2d</name>
         <value>0x6741</value>
         <object_component_ref idref="oc-194"/>
      </symbol>
      <symbol id="sm-5c5">
         <name>__aeabi_i2d</name>
         <value>0x6811</value>
         <object_component_ref idref="oc-182"/>
      </symbol>
      <symbol id="sm-5e0">
         <name>memcpy</name>
         <value>0x5f21</value>
         <object_component_ref idref="oc-3e"/>
      </symbol>
      <symbol id="sm-5e1">
         <name>__aeabi_memcpy</name>
         <value>0x5f21</value>
         <object_component_ref idref="oc-3e"/>
      </symbol>
      <symbol id="sm-5e2">
         <name>__aeabi_memcpy8</name>
         <value>0x5f21</value>
         <object_component_ref idref="oc-3e"/>
      </symbol>
      <symbol id="sm-5e3">
         <name>__aeabi_memcpy4</name>
         <value>0x5f21</value>
         <object_component_ref idref="oc-3e"/>
      </symbol>
      <symbol id="sm-5fa">
         <name>__TI_zero_init</name>
         <value>0x69a5</value>
         <object_component_ref idref="oc-50"/>
      </symbol>
      <symbol id="sm-611">
         <name>__TI_decompress_none</name>
         <value>0x698b</value>
         <object_component_ref idref="oc-1b"/>
      </symbol>
      <symbol id="sm-634">
         <name>__TI_decompress_lzss</name>
         <value>0x63a9</value>
         <object_component_ref idref="oc-15"/>
      </symbol>
      <symbol id="sm-6c9">
         <name>_sys_memory</name>
         <value>0x20001460</value>
         <object_component_ref idref="oc-24"/>
      </symbol>
      <symbol id="sm-6ca">
         <name>free</name>
         <value>0x5ced</value>
         <object_component_ref idref="oc-150"/>
      </symbol>
      <symbol id="sm-6cb">
         <name>memalign</name>
         <value>0x59f9</value>
         <object_component_ref idref="oc-320"/>
      </symbol>
      <symbol id="sm-6cc">
         <name>calloc</name>
         <value>0x6709</value>
         <object_component_ref idref="oc-14a"/>
      </symbol>
      <symbol id="sm-6cd">
         <name>malloc</name>
         <value>0x69d1</value>
         <object_component_ref idref="oc-246"/>
      </symbol>
      <symbol id="sm-6ce">
         <name>aligned_alloc</name>
         <value>0x59f9</value>
         <object_component_ref idref="oc-320"/>
      </symbol>
      <symbol id="sm-6dd">
         <name>strcmp</name>
         <value>0x6903</value>
         <object_component_ref idref="oc-163"/>
      </symbol>
      <symbol id="sm-6eb">
         <name>strcpy</name>
         <value>0x6931</value>
         <object_component_ref idref="oc-1b4"/>
      </symbol>
      <symbol id="sm-6f9">
         <name>strlen</name>
         <value>0x6945</value>
         <object_component_ref idref="oc-1ec"/>
      </symbol>
      <symbol id="sm-75f">
         <name>__kernel_rem_pio2</name>
         <value>0x229d</value>
         <object_component_ref idref="oc-2cf"/>
      </symbol>
      <symbol id="sm-775">
         <name>__aeabi_errno_addr</name>
         <value>0x69c9</value>
         <object_component_ref idref="oc-2b1"/>
      </symbol>
      <symbol id="sm-776">
         <name>errno</name>
         <value>0x20001898</value>
         <object_component_ref idref="oc-378"/>
      </symbol>
      <symbol id="sm-789">
         <name>__stack</name>
         <value>0x20000c60</value>
         <object_component_ref idref="oc-27"/>
      </symbol>
      <symbol id="sm-78a">
         <name>_c_int00_noargs</name>
         <value>0x67ad</value>
         <object_component_ref idref="oc-5c"/>
      </symbol>
      <symbol id="sm-8ef">
         <name>__TI_printfi</name>
         <value>0xe8d</value>
         <object_component_ref idref="oc-284"/>
      </symbol>
      <symbol id="sm-905">
         <name>__kernel_cos</name>
         <value>0x5019</value>
         <object_component_ref idref="oc-2c9"/>
      </symbol>
      <symbol id="sm-91c">
         <name>__kernel_sin</name>
         <value>0x4ea5</value>
         <object_component_ref idref="oc-2d5"/>
      </symbol>
      <symbol id="sm-939">
         <name>floorl</name>
         <value>0x5bf5</value>
         <object_component_ref idref="oc-395"/>
      </symbol>
      <symbol id="sm-93a">
         <name>floor</name>
         <value>0x5bf5</value>
         <object_component_ref idref="oc-395"/>
      </symbol>
      <symbol id="sm-950">
         <name>frexpl</name>
         <value>0x6411</value>
         <object_component_ref idref="oc-3f7"/>
      </symbol>
      <symbol id="sm-951">
         <name>frexp</name>
         <value>0x6411</value>
         <object_component_ref idref="oc-3f7"/>
      </symbol>
      <symbol id="sm-95e">
         <name>__aeabi_uldivmod</name>
         <value>0x5fbd</value>
         <object_component_ref idref="oc-3d0"/>
      </symbol>
      <symbol id="sm-96d">
         <name>__aeabi_memset</name>
         <value>0x61e3</value>
         <object_component_ref idref="oc-96"/>
      </symbol>
      <symbol id="sm-96e">
         <name>memset</name>
         <value>0x61e9</value>
         <object_component_ref idref="oc-96"/>
      </symbol>
      <symbol id="sm-96f">
         <name>__aeabi_memset8</name>
         <value>0x61e3</value>
         <object_component_ref idref="oc-96"/>
      </symbol>
      <symbol id="sm-970">
         <name>__aeabi_memset4</name>
         <value>0x61e3</value>
         <object_component_ref idref="oc-96"/>
      </symbol>
      <symbol id="sm-971">
         <name>__aeabi_memclr8</name>
         <value>0x61e1</value>
         <object_component_ref idref="oc-96"/>
      </symbol>
      <symbol id="sm-972">
         <name>__aeabi_memclr4</name>
         <value>0x61e1</value>
         <object_component_ref idref="oc-96"/>
      </symbol>
      <symbol id="sm-973">
         <name>__aeabi_memclr</name>
         <value>0x61e1</value>
         <object_component_ref idref="oc-96"/>
      </symbol>
      <symbol id="sm-99b">
         <name>__TI_auto_init_nobinit_nopinit</name>
         <value>0x6605</value>
         <object_component_ref idref="oc-116"/>
      </symbol>
      <symbol id="sm-9a5">
         <name>_system_pre_init</name>
         <value>0x69d9</value>
         <object_component_ref idref="oc-9c"/>
      </symbol>
      <symbol id="sm-9b1">
         <name>C$$EXIT</name>
         <value>0x69dd</value>
         <object_component_ref idref="oc-10a"/>
      </symbol>
      <symbol id="sm-9b2">
         <name>abort</name>
         <value>0x69dd</value>
         <object_component_ref idref="oc-10a"/>
      </symbol>
      <symbol id="sm-9c7">
         <name>_nop</name>
         <value>0x18db</value>
         <object_component_ref idref="oc-301"/>
      </symbol>
      <symbol id="sm-9c8">
         <name>_lock</name>
         <value>0x20001880</value>
         <object_component_ref idref="oc-22a"/>
      </symbol>
      <symbol id="sm-9c9">
         <name>_unlock</name>
         <value>0x20001884</value>
         <object_component_ref idref="oc-22a"/>
      </symbol>
      <symbol id="sm-9d8">
         <name>__TI_ltoa</name>
         <value>0x64cb</value>
         <object_component_ref idref="oc-3d6"/>
      </symbol>
      <symbol id="sm-9ef">
         <name>atoi</name>
         <value>0x6571</value>
         <object_component_ref idref="oc-336"/>
      </symbol>
      <symbol id="sm-9fa">
         <name>_ctypes_</name>
         <value>0x6b38</value>
         <object_component_ref idref="oc-3cb"/>
      </symbol>
      <symbol id="sm-a0a">
         <name>memccpy</name>
         <value>0x6885</value>
         <object_component_ref idref="oc-35a"/>
      </symbol>
      <symbol id="sm-a1a">
         <name>strchr</name>
         <value>0x691b</value>
         <object_component_ref idref="oc-3fd"/>
      </symbol>
      <symbol id="sm-a33">
         <name>wcslen</name>
         <value>0x6959</value>
         <object_component_ref idref="oc-360"/>
      </symbol>
      <symbol id="sm-a3d">
         <name>__aeabi_idiv0</name>
         <value>0x4ea3</value>
         <object_component_ref idref="oc-435"/>
      </symbol>
      <symbol id="sm-a3e">
         <name>__aeabi_ldiv0</name>
         <value>0x4ea3</value>
         <object_component_ref idref="oc-435"/>
      </symbol>
      <symbol id="sm-a63">
         <name>IntRegister</name>
         <value>0x6779</value>
         <object_component_ref idref="oc-169"/>
      </symbol>
      <symbol id="sm-a64">
         <name>g_pfnRAMVectors</name>
         <value>0x20000000</value>
         <object_component_ref idref="oc-261"/>
      </symbol>
      <symbol id="sm-a65">
         <name>IntMasterEnable</name>
         <value>0x696b</value>
         <object_component_ref idref="oc-16f"/>
      </symbol>
      <symbol id="sm-a6f">
         <name>CPUcpsie</name>
         <value>0x6999</value>
         <object_component_ref idref="oc-26b"/>
      </symbol>
      <symbol id="sm-a70">
         <name>__TI_static_base__</name>
         <value>0x0</value>
      </symbol>
      <symbol id="sm-a73">
         <name>__mpu_init</name>
         <value>0x0</value>
      </symbol>
      <symbol id="sm-a74">
         <name>_system_post_cinit</name>
         <value>0x0</value>
      </symbol>
   </symbol_table>
   <title>Link successful</title>
</link_info>
