******************************************************************************
                  TI ARM Linker PC v20.2.4                     
******************************************************************************
>> Linked Fri Dec 10 14:47:14 2021

OUTPUT FILE NAME:   <lab10.out>
ENTRY POINT SYMBOL: "_c_int00_noargs"  address: 000067ad


MEMORY CONFIGURATION

         name            origin    length      used     unused   attr    fill
----------------------  --------  ---------  --------  --------  ----  --------
  FLASH                 00000000   00040000  00006cd3  0003932d  R  X
  SRAM                  20000000   00008000  00001894  0000676c  RW X


SEGMENT ALLOCATION MAP

run origin  load origin   length   init length attrs members
----------  ----------- ---------- ----------- ----- -------
00000000    00000000    00006cd8   00006cd8    r-x
  00000000    00000000    0000026c   0000026c    r-- .intvecs
  0000026c    0000026c    00006774   00006774    r-x .text
  000069e0    000069e0    000002a3   000002a3    r-- .const
  00006c88    00006c88    00000050   00000050    r-- .cinit
20000000    20000000    0000189d   00000000    rw-
  20000000    20000000    0000026c   00000000    rw- .vtable
  20000270    20000270    000009eb   00000000    rw- .bss
  20000c60    20000c60    00000800   00000000    rw- .stack
  20001460    20001460    00000400   00000000    rw- .sysmem
  20001860    20001860    0000003d   00000000    rw- .data


SECTION ALLOCATION MAP

 output                                  attributes/
section   page    origin      length       input sections
--------  ----  ----------  ----------   ----------------
.intvecs   0    00000000    0000026c     
                  00000000    0000026c     tm4c123gh6pm_startup_ccs.obj (.intvecs)

.text      0    0000026c    00006774     
                  0000026c    00000c20     open_interface.obj (.text)
                  00000e8c    00000a4e     rtsv7M4_T_le_v4SPD16_eabi.lib : _printfi.c.obj (.text:__TI_printfi)
                  000018da    00000002                                   : _lock.c.obj (.text:_nop)
                  000018dc    000009c0                                   : e_pow.c.obj (.text:pow)
                  0000229c    00000738                                   : k_rem_pio2.c.obj (.text:__kernel_rem_pio2)
                  000029d4    000006ac     movement.obj (.text)
                  00003080    000005dc     rtsv7M4_T_le_v4SPD16_eabi.lib : s_cos.c.obj (.text:cos)
                  0000365c    000005c4                                   : s_sin.c.obj (.text:sin)
                  00003c20    00000328     lcd.obj (.text)
                  00003f48    000002f4     detection.obj (.text)
                  0000423c    00000270     rtsv7M4_T_le_v4SPD16_eabi.lib : _printfi.c.obj (.text:_pconv_a)
                  000044ac    00000248     Timer.obj (.text)
                  000046f4    00000230     uart.obj (.text)
                  00004924    000001f8     ping.obj (.text)
                  00004b1c    000001d0     rtsv7M4_T_le_v4SPD16_eabi.lib : _printfi.c.obj (.text:_pconv_g)
                  00004cec    000001b6                                   : fd_add_t2.asm.obj (.text)
                  00004ea2    00000002                                   : div0.asm.obj (.text)
                  00004ea4    00000174                                   : k_sin.c.obj (.text:__kernel_sin)
                  00005018    0000016c                                   : k_cos.c.obj (.text:__kernel_cos)
                  00005184    00000158     adc.obj (.text)
                  000052dc    00000158     rtsv7M4_T_le_v4SPD16_eabi.lib : e_sqrt.c.obj (.text:sqrt)
                  00005434    0000013c                                   : _printfi.c.obj (.text:_pconv_e)
                  00005570    00000136                                   : fd_div_t2.asm.obj (.text)
                  000056a6    00000002     --HOLE-- [fill = 0]
                  000056a8    00000124                                   : _printfi.c.obj (.text:fcvt)
                  000057cc    0000011c     servo.obj (.text)
                  000058e8    00000110     rtsv7M4_T_le_v4SPD16_eabi.lib : s_scalbn.c.obj (.text:scalbn)
                  000059f8    00000100                                   : memory.c.obj (.text:aligned_alloc)
                  00005af8    000000fc                                   : fd_mul_t2.asm.obj (.text)
                  00005bf4    000000f8                                   : s_floor.c.obj (.text:floor)
                  00005cec    000000e4                                   : memory.c.obj (.text:free)
                  00005dd0    000000b1                                   : _printfi.c.obj (.text:_ltostr)
                  00005e81    00000003     --HOLE-- [fill = 0]
                  00005e84    0000009c                                   : s_modf.c.obj (.text:modf)
                  00005f20    0000009c                                   : memcpy_t2.asm.obj (.text)
                  00005fbc    00000096                                   : ull_div_t2.asm.obj (.text)
                  00006052    00000086                                   : fd_cmp_t2.asm.obj (.text:__aeabi_cdcmple)
                  000060d8    00000086                                   : fd_cmp_t2.asm.obj (.text:__aeabi_cdrcmple)
                  0000615e    00000082     mainlab10.obj (.text)
                  000061e0    0000007a     rtsv7M4_T_le_v4SPD16_eabi.lib : memset_t2.asm.obj (.text)
                  0000625a    00000002     --HOLE-- [fill = 0]
                  0000625c    00000070                                   : memory.c.obj (.text:split)
                  000062cc    0000006e                                   : _printfi.c.obj (.text:_mcpy)
                  0000633a    0000006e                                   : fd_tos_t2.asm.obj (.text)
                  000063a8    00000068                                   : copy_decompress_lzss.c.obj (.text:decompress:lzss:__TI_decompress_lzss)
                  00006410    00000064                                   : s_frexp.c.obj (.text:frexp)
                  00006474    00000056                                   : _printfi.c.obj (.text:_pconv_f)
                  000064ca    00000054                                   : _ltoa.c.obj (.text:__TI_ltoa)
                  0000651e    00000052                                   : _printfi.c.obj (.text:_ecpy)
                  00006570    0000004c                                   : atoi.c.obj (.text:atoi)
                  000065bc    00000048                                   : fd_toi_t2.asm.obj (.text)
                  00006604    00000044                                   : autoinit.c.obj (.text:__TI_auto_init_nobinit_nopinit:__TI_auto_init_nobinit_nopinit)
                  00006648    00000040                                   : sprintf.c.obj (.text:sprintf)
                  00006688    00000040                                   : vsnprintf.c.obj (.text:vsnprintf)
                  000066c8    0000003e                                   : _printfi.c.obj (.text:_fcpy)
                  00006706    00000002     --HOLE-- [fill = 0]
                  00006708    00000038                                   : memory.c.obj (.text:calloc)
                  00006740    00000038                                   : fs_tod_t2.asm.obj (.text)
                  00006778    00000034     driverlib.lib : interrupt.obj (.text:IntRegister)
                  000067ac    00000034     rtsv7M4_T_le_v4SPD16_eabi.lib : boot_cortex_m.c.obj (.text:_c_int00_noargs:_c_int00_noargs)
                  000067e0    00000030                                   : vsnprintf.c.obj (.text:_outs)
                  00006810    0000002e                                   : i_tofd_t2.asm.obj (.text)
                  0000683e    00000002     --HOLE-- [fill = 0]
                  00006840    00000028                                   : memory.c.obj (.text:free_list_insert)
                  00006868    0000001c                                   : memory.c.obj (.text:free_list_remove)
                  00006884    0000001c                                   : memccpy.c.obj (.text:memccpy)
                  000068a0    0000001a                                   : s_copysign.c.obj (.text:copysign)
                  000068ba    00000018                                   : vsnprintf.c.obj (.text:_outc)
                  000068d2    00000018                                   : sprintf.c.obj (.text:_outs)
                  000068ea    00000018     open_interface.obj (.text:oi_parseInt)
                  00006902    00000018     rtsv7M4_T_le_v4SPD16_eabi.lib : strcmp.c.obj (.text:strcmp)
                  0000691a    00000016                                   : strchr.c.obj (.text:strchr)
                  00006930    00000014                                   : strcpy.c.obj (.text:strcpy)
                  00006944    00000014                                   : strlen.c.obj (.text:strlen)
                  00006958    00000012                                   : wcslen.c.obj (.text:wcslen)
                  0000696a    00000010     driverlib.lib : interrupt.obj (.text:IntMasterEnable)
                  0000697a    00000010     lcd.obj (.text:lcd_clear)
                  0000698a    0000000e     rtsv7M4_T_le_v4SPD16_eabi.lib : copy_decompress_none.c.obj (.text:decompress:none:__TI_decompress_none)
                  00006998    0000000c     driverlib.lib : cpu.obj (.text:CPUcpsie)
                  000069a4    0000000c     rtsv7M4_T_le_v4SPD16_eabi.lib : copy_zero_init.c.obj (.text:decompress:ZI:__TI_zero_init)
                  000069b0    0000000c     tm4c123gh6pm_startup_ccs.obj (.text)
                  000069bc    0000000a     rtsv7M4_T_le_v4SPD16_eabi.lib : sprintf.c.obj (.text:_outc)
                  000069c6    00000002     --HOLE-- [fill = 0]
                  000069c8    00000008                                   : errno.c.obj (.text:__aeabi_errno_addr)
                  000069d0    00000008                                   : memory.c.obj (.text:malloc)
                  000069d8    00000004                                   : pre_init.c.obj (.text:_system_pre_init)
                  000069dc    00000004                                   : exit.c.obj (.text:abort:abort)

.const     0    000069e0    000002a3     
                  000069e0    00000158     rtsv7M4_T_le_v4SPD16_eabi.lib : k_rem_pio2.c.obj (.const:$O1$$)
                  00006b38    00000101                                   : ctype.c.obj (.const:.string:_ctypes_)
                  00006c39    00000004     lcd.obj (.const:.string:lineAddress$1)
                  00006c3d    00000003     --HOLE-- [fill = 0]
                  00006c40    00000030     rtsv7M4_T_le_v4SPD16_eabi.lib : e_pow.c.obj (.const:$O1$$)
                  00006c70    0000000f     open_interface.obj (.const:.string:$P$T0$3)
                  00006c7f    00000004     lcd.obj (.const:.string:lineAddresses$2)

.cinit     0    00006c88    00000050     
                  00006c88    00000019     (.cinit..data.load) [load image, compression = lzss]
                  00006ca1    00000003     --HOLE-- [fill = 0]
                  00006ca4    0000000c     (__TI_handler_table)
                  00006cb0    00000008     (.cinit..bss.load) [load image, compression = zero_init]
                  00006cb8    00000008     (.cinit..vtable.load) [load image, compression = zero_init]
                  00006cc0    00000018     (__TI_cinit_table)

.init_array 
*          0    00000000    00000000     UNINITIALIZED

.vtable    0    20000000    0000026c     UNINITIALIZED
                  20000000    0000026c     driverlib.lib : interrupt.obj (.vtable)

.bss       0    20000270    000009eb     UNINITIALIZED
                  20000270    00000870     (.common:aarray)
                  20000ae0    00000064     (.common:toPutty)
                  20000b44    00000054     lcd.obj (.bss:lastbuffer$3)
                  20000b98    00000028     (.common:final_angle)
                  20000bc0    00000028     (.common:init_angle)
                  20000be8    00000028     (.common:widths)
                  20000c10    00000018     open_interface.obj (.bss:firmware$2)
                  20000c28    0000000c     (.common:currentPosition)
                  20000c34    00000004     (.common:_timeout_ticks)
                  20000c38    00000004     (.common:botAngle)
                  20000c3c    00000004     (.common:botX)
                  20000c40    00000004     (.common:botY)
                  20000c44    00000004     (.common:distance)
                  20000c48    00000004     (.common:sensor)
                  20000c4c    00000004     (.common:t_total)
                  20000c50    00000004     (.common:tf)
                  20000c54    00000004     (.common:tr)
                  20000c58    00000001     (.common:flag)
                  20000c59    00000001     (.common:ping_state)
                  20000c5a    00000001     (.common:uart_data)

.stack     0    20000c60    00000800     UNINITIALIZED
                  20000c60    00000004     rtsv7M4_T_le_v4SPD16_eabi.lib : boot_cortex_m.c.obj (.stack)
                  20000c64    000007fc     --HOLE--

.sysmem    0    20001460    00000400     UNINITIALIZED
                  20001460    00000010     rtsv7M4_T_le_v4SPD16_eabi.lib : memory.c.obj (.sysmem)
                  20001470    000003f0     --HOLE--

.data      0    20001860    0000003d     UNINITIALIZED
                  20001860    00000020     open_interface.obj (.data)
                  20001880    00000008     rtsv7M4_T_le_v4SPD16_eabi.lib : _lock.c.obj (.data:$O1$$)
                  20001888    00000008                                   : memory.c.obj (.data:$O1$$)
                  20001890    00000008     detection.obj (.data)
                  20001898    00000004     rtsv7M4_T_le_v4SPD16_eabi.lib : errno.c.obj (.data)
                  2000189c    00000001     Timer.obj (.data)

__llvm_prf_cnts 
*          0    20000000    00000000     UNINITIALIZED

MODULE SUMMARY

       Module                         code    ro data   rw data
       ------                         ----    -------   -------
    .\
       open_interface.obj             3128    15        56     
       detection.obj                  756     0         2307   
       movement.obj                   1708    0         128    
       lcd.obj                        824     8         84     
       tm4c123gh6pm_startup_ccs.obj   12      620       0      
       Timer.obj                      584     0         5      
       uart.obj                       560     0         0      
       ping.obj                       504     0         0      
       adc.obj                        344     0         0      
       servo.obj                      284     0         0      
       mainlab10.obj                  130     0         0      
    +--+------------------------------+-------+---------+---------+
       Total:                         8834    643       2580   
                                                               
    C:/ti/TivaWare_C_Series-2.1.4.178/driverlib/ccs/Debug/driverlib.lib
       interrupt.obj                  68      0         620    
       cpu.obj                        12      0         0      
    +--+------------------------------+-------+---------+---------+
       Total:                         80      0         620    
                                                               
    C:\ti\ccs1031\ccs\tools\compiler\ti-cgt-arm_20.2.4.LTS\lib\rtsv7M4_T_le_v4SPD16_eabi.lib
       _printfi.c.obj                 4851    0         0      
       e_pow.c.obj                    2496    48        0      
       k_rem_pio2.c.obj               1848    344       0      
       s_cos.c.obj                    1500    0         0      
       s_sin.c.obj                    1476    0         0      
       memory.c.obj                   728     0         8      
       fd_add_t2.asm.obj              438     0         0      
       k_sin.c.obj                    372     0         0      
       k_cos.c.obj                    364     0         0      
       e_sqrt.c.obj                   344     0         0      
       fd_div_t2.asm.obj              310     0         0      
       s_scalbn.c.obj                 272     0         0      
       fd_cmp_t2.asm.obj              268     0         0      
       ctype.c.obj                    0       257       0      
       fd_mul_t2.asm.obj              252     0         0      
       s_floor.c.obj                  248     0         0      
       memcpy_t2.asm.obj              156     0         0      
       s_modf.c.obj                   156     0         0      
       ull_div_t2.asm.obj             150     0         0      
       vsnprintf.c.obj                136     0         0      
       memset_t2.asm.obj              122     0         0      
       fd_tos_t2.asm.obj              110     0         0      
       copy_decompress_lzss.c.obj     104     0         0      
       s_frexp.c.obj                  100     0         0      
       sprintf.c.obj                  98      0         0      
       _ltoa.c.obj                    84      0         0      
       atoi.c.obj                     76      0         0      
       fd_toi_t2.asm.obj              72      0         0      
       autoinit.c.obj                 68      0         0      
       fs_tod_t2.asm.obj              56      0         0      
       boot_cortex_m.c.obj            52      0         0      
       i_tofd_t2.asm.obj              46      0         0      
       memccpy.c.obj                  28      0         0      
       s_copysign.c.obj               26      0         0      
       strcmp.c.obj                   24      0         0      
       strchr.c.obj                   22      0         0      
       strcpy.c.obj                   20      0         0      
       strlen.c.obj                   20      0         0      
       wcslen.c.obj                   18      0         0      
       copy_decompress_none.c.obj     14      0         0      
       copy_zero_init.c.obj           12      0         0      
       errno.c.obj                    8       0         4      
       _lock.c.obj                    2       0         8      
       exit.c.obj                     4       0         0      
       pre_init.c.obj                 4       0         0      
       div0.asm.obj                   2       0         0      
    +--+------------------------------+-------+---------+---------+
       Total:                         17557   649       20     
                                                               
       Heap:                          0       0         1024   
       Stack:                         0       0         2048   
       Linker Generated:              0       77        0      
    +--+------------------------------+-------+---------+---------+
       Grand Total:                   26471   1369      6292   


LINKER GENERATED COPY TABLES

__TI_cinit_table @ 00006cc0 records: 3, size/record: 8, table size: 24
	.data: load addr=00006c88, load size=00000019 bytes, run addr=20001860, run size=0000003d bytes, compression=lzss
	.bss: load addr=00006cb0, load size=00000008 bytes, run addr=20000270, run size=000009eb bytes, compression=zero_init
	.vtable: load addr=00006cb8, load size=00000008 bytes, run addr=20000000, run size=0000026c bytes, compression=zero_init


LINKER GENERATED HANDLER TABLE

__TI_handler_table @ 00006ca4 records: 3, size/record: 4, table size: 12
	index: 0, handler: __TI_zero_init
	index: 1, handler: __TI_decompress_lzss
	index: 2, handler: __TI_decompress_none


GLOBAL SYMBOLS: SORTED ALPHABETICALLY BY Name 

address   name                          
-------   ----                          
000069dd  C$$EXIT                       
00006999  CPUcpsie                      
00000bc3  GPIOF_Handler                 
20001890  IR                            
0000696b  IntMasterEnable               
00006779  IntRegister                   
000069b1  ResetISR                      
00004a61  TIMER3B_Handler               
20001460  __STACK_END                   
00000800  __STACK_SIZE                  
20000e60  __STACK_TOP                   
00000400  __SYSMEM_SIZE                 
00006cc0  __TI_CINIT_Base               
00006cd8  __TI_CINIT_Limit              
00006ca4  __TI_Handler_Table_Base       
00006cb0  __TI_Handler_Table_Limit      
00006605  __TI_auto_init_nobinit_nopinit
000063a9  __TI_decompress_lzss          
0000698b  __TI_decompress_none          
000064cb  __TI_ltoa                     
ffffffff  __TI_pprof_out_hndl           
00000e8d  __TI_printfi                  
ffffffff  __TI_prof_data_size           
ffffffff  __TI_prof_data_start          
00000000  __TI_static_base__            
000069a5  __TI_zero_init                
00006053  __aeabi_cdcmpeq               
00006053  __aeabi_cdcmple               
000060d9  __aeabi_cdrcmple              
0000633b  __aeabi_d2f                   
000065bd  __aeabi_d2iz                  
00004cf7  __aeabi_dadd                  
00005571  __aeabi_ddiv                  
00005af9  __aeabi_dmul                  
00004ced  __aeabi_dsub                  
000069c9  __aeabi_errno_addr            
00006741  __aeabi_f2d                   
00006811  __aeabi_i2d                   
00004ea3  __aeabi_idiv0                 
00004ea3  __aeabi_ldiv0                 
000061e1  __aeabi_memclr                
000061e1  __aeabi_memclr4               
000061e1  __aeabi_memclr8               
00005f21  __aeabi_memcpy                
00005f21  __aeabi_memcpy4               
00005f21  __aeabi_memcpy8               
000061e3  __aeabi_memset                
000061e3  __aeabi_memset4               
000061e3  __aeabi_memset8               
00005fbd  __aeabi_uldivmod              
ffffffff  __binit__                     
ffffffff  __c_args__                    
00005019  __kernel_cos                  
0000229d  __kernel_rem_pio2             
00004ea5  __kernel_sin                  
UNDEFED   __mpu_init                    
20000c60  __stack                       
20000000  __start___llvm_prf_cnts       
20000000  __stop___llvm_prf_cnts        
000067ad  _c_int00_noargs               
00006b38  _ctypes_                      
20001880  _lock                         
000018db  _nop                          
2000189c  _running                      
20001460  _sys_memory                   
UNDEFED   _system_post_cinit            
000069d9  _system_pre_init              
20000c34  _timeout_ticks                
20001884  _unlock                       
20000270  aarray                        
000069dd  abort                         
0000524b  adc_conversionIR              
00005185  adc_init                      
0000521b  adc_read                      
000059f9  aligned_alloc                 
00006571  atoi                          
ffffffff  binit                         
20000c38  botAngle                      
20000c3c  botX                          
20000c40  botY                          
00006709  calloc                        
00002f11  checkInterrupts               
000068a1  copysign                      
000068a1  copysignl                     
00003081  cos                           
00003081  cosl                          
20000c28  currentPosition               
20000c44  distance                      
20001898  errno                         
20000b98  final_angle                   
20000c58  flag                          
00005bf5  floor                         
00005bf5  floorl                        
00005ced  free                          
00006411  frexp                         
00006411  frexpl                        
20000000  g_pfnRAMVectors               
00000000  g_pfnVectors                  
0000097f  go_charge                     
20000bc0  init_angle                    
0000697b  lcd_clear                     
00003df5  lcd_gotoLine                  
00003c5d  lcd_init                      
00003e5b  lcd_printf                    
00003d1d  lcd_putc                      
00003d55  lcd_puts                      
00003c21  lcd_reverseNibble             
00003d73  lcd_sendCommand               
00003db1  lcd_sendNibble                
00003e1d  lcd_setCursorPos              
000058e9  ldexp                         
000058e9  ldexpl                        
0000615f  main                          
000069d1  malloc                        
000059f9  memalign                      
00006885  memccpy                       
00005f21  memcpy                        
000061e9  memset                        
00005e85  modf                          
00005e85  modfl                         
20001860  motor_cal_factor_L            
20001864  motor_cal_factor_R            
00002b21  move_backward                 
00002c69  move_backward_unsafe          
000029e5  move_forward                  
000029d5  movement_init                 
0000026d  oi_alloc                      
00000aa9  oi_checkFirmware              
000002c7  oi_close                      
00000279  oi_free                       
00000ded  oi_getMotorCalibrationLeft    
00000e01  oi_getMotorCalibrationRight   
000002b1  oi_init                       
00000289  oi_init_noupdate              
00000915  oi_loadSong                   
000068eb  oi_parseInt                   
0000032b  oi_parsePacket                
0000096b  oi_play_song                  
0000084b  oi_setLeds                    
00000db1  oi_setMotorCalibration        
0000088f  oi_setWheels                  
00000b51  oi_shutoff_init               
0000098d  oi_uartInit                   
00000a31  oi_uartReceive                
00000a77  oi_uartSendBuff               
00000a15  oi_uartSendChar               
00000a59  oi_uartSendStr                
000002d9  oi_update                     
00004925  ping_init                     
00004a99  ping_read                     
000049df  ping_sendpulse                
20000c59  ping_state                    
000018dd  pow                           
000018dd  powl                          
000058e9  scalbn                        
000058e9  scalbnl                       
00003f49  scan_area                     
20000c48  sensor                        
00005819  servo_init                    
000057cd  servo_move                    
0000365d  sin                           
0000365d  sinl                          
00006649  sprintf                       
000052dd  sqrt                          
000052dd  sqrtl                         
0000691b  strchr                        
00006903  strcmp                        
00006931  strcpy                        
00006945  strlen                        
20000c4c  t_total                       
20000c50  tf                            
000045cb  timer_getMicros               
00004573  timer_getMillis               
000044ad  timer_init                    
0000454f  timer_pause                   
00004561  timer_resume                  
00004525  timer_stop                    
00004625  timer_waitMicros              
00004657  timer_waitMillis              
20000ae0  toPutty                       
20000c54  tr                            
00002e89  turn_left                     
00002e0d  turn_right                    
20000c5a  uart_data                     
00004855  uart_echo                     
000046f5  uart_init                     
0000488f  uart_interrupt_handler        
0000486f  uart_interrupt_init           
00004811  uart_receive                  
000047f5  uart_sendChar                 
00004837  uart_sendStr                  
00006689  vsnprintf                     
00006959  wcslen                        
20000be8  widths                        


GLOBAL SYMBOLS: SORTED BY Symbol Address 

address   name                          
-------   ----                          
00000000  __TI_static_base__            
00000000  g_pfnVectors                  
0000026d  oi_alloc                      
00000279  oi_free                       
00000289  oi_init_noupdate              
000002b1  oi_init                       
000002c7  oi_close                      
000002d9  oi_update                     
0000032b  oi_parsePacket                
00000400  __SYSMEM_SIZE                 
00000800  __STACK_SIZE                  
0000084b  oi_setLeds                    
0000088f  oi_setWheels                  
00000915  oi_loadSong                   
0000096b  oi_play_song                  
0000097f  go_charge                     
0000098d  oi_uartInit                   
00000a15  oi_uartSendChar               
00000a31  oi_uartReceive                
00000a59  oi_uartSendStr                
00000a77  oi_uartSendBuff               
00000aa9  oi_checkFirmware              
00000b51  oi_shutoff_init               
00000bc3  GPIOF_Handler                 
00000db1  oi_setMotorCalibration        
00000ded  oi_getMotorCalibrationLeft    
00000e01  oi_getMotorCalibrationRight   
00000e8d  __TI_printfi                  
000018db  _nop                          
000018dd  pow                           
000018dd  powl                          
0000229d  __kernel_rem_pio2             
000029d5  movement_init                 
000029e5  move_forward                  
00002b21  move_backward                 
00002c69  move_backward_unsafe          
00002e0d  turn_right                    
00002e89  turn_left                     
00002f11  checkInterrupts               
00003081  cos                           
00003081  cosl                          
0000365d  sin                           
0000365d  sinl                          
00003c21  lcd_reverseNibble             
00003c5d  lcd_init                      
00003d1d  lcd_putc                      
00003d55  lcd_puts                      
00003d73  lcd_sendCommand               
00003db1  lcd_sendNibble                
00003df5  lcd_gotoLine                  
00003e1d  lcd_setCursorPos              
00003e5b  lcd_printf                    
00003f49  scan_area                     
000044ad  timer_init                    
00004525  timer_stop                    
0000454f  timer_pause                   
00004561  timer_resume                  
00004573  timer_getMillis               
000045cb  timer_getMicros               
00004625  timer_waitMicros              
00004657  timer_waitMillis              
000046f5  uart_init                     
000047f5  uart_sendChar                 
00004811  uart_receive                  
00004837  uart_sendStr                  
00004855  uart_echo                     
0000486f  uart_interrupt_init           
0000488f  uart_interrupt_handler        
00004925  ping_init                     
000049df  ping_sendpulse                
00004a61  TIMER3B_Handler               
00004a99  ping_read                     
00004ced  __aeabi_dsub                  
00004cf7  __aeabi_dadd                  
00004ea3  __aeabi_idiv0                 
00004ea3  __aeabi_ldiv0                 
00004ea5  __kernel_sin                  
00005019  __kernel_cos                  
00005185  adc_init                      
0000521b  adc_read                      
0000524b  adc_conversionIR              
000052dd  sqrt                          
000052dd  sqrtl                         
00005571  __aeabi_ddiv                  
000057cd  servo_move                    
00005819  servo_init                    
000058e9  ldexp                         
000058e9  ldexpl                        
000058e9  scalbn                        
000058e9  scalbnl                       
000059f9  aligned_alloc                 
000059f9  memalign                      
00005af9  __aeabi_dmul                  
00005bf5  floor                         
00005bf5  floorl                        
00005ced  free                          
00005e85  modf                          
00005e85  modfl                         
00005f21  __aeabi_memcpy                
00005f21  __aeabi_memcpy4               
00005f21  __aeabi_memcpy8               
00005f21  memcpy                        
00005fbd  __aeabi_uldivmod              
00006053  __aeabi_cdcmpeq               
00006053  __aeabi_cdcmple               
000060d9  __aeabi_cdrcmple              
0000615f  main                          
000061e1  __aeabi_memclr                
000061e1  __aeabi_memclr4               
000061e1  __aeabi_memclr8               
000061e3  __aeabi_memset                
000061e3  __aeabi_memset4               
000061e3  __aeabi_memset8               
000061e9  memset                        
0000633b  __aeabi_d2f                   
000063a9  __TI_decompress_lzss          
00006411  frexp                         
00006411  frexpl                        
000064cb  __TI_ltoa                     
00006571  atoi                          
000065bd  __aeabi_d2iz                  
00006605  __TI_auto_init_nobinit_nopinit
00006649  sprintf                       
00006689  vsnprintf                     
00006709  calloc                        
00006741  __aeabi_f2d                   
00006779  IntRegister                   
000067ad  _c_int00_noargs               
00006811  __aeabi_i2d                   
00006885  memccpy                       
000068a1  copysign                      
000068a1  copysignl                     
000068eb  oi_parseInt                   
00006903  strcmp                        
0000691b  strchr                        
00006931  strcpy                        
00006945  strlen                        
00006959  wcslen                        
0000696b  IntMasterEnable               
0000697b  lcd_clear                     
0000698b  __TI_decompress_none          
00006999  CPUcpsie                      
000069a5  __TI_zero_init                
000069b1  ResetISR                      
000069c9  __aeabi_errno_addr            
000069d1  malloc                        
000069d9  _system_pre_init              
000069dd  C$$EXIT                       
000069dd  abort                         
00006b38  _ctypes_                      
00006ca4  __TI_Handler_Table_Base       
00006cb0  __TI_Handler_Table_Limit      
00006cc0  __TI_CINIT_Base               
00006cd8  __TI_CINIT_Limit              
20000000  __start___llvm_prf_cnts       
20000000  __stop___llvm_prf_cnts        
20000000  g_pfnRAMVectors               
20000270  aarray                        
20000ae0  toPutty                       
20000b98  final_angle                   
20000bc0  init_angle                    
20000be8  widths                        
20000c28  currentPosition               
20000c34  _timeout_ticks                
20000c38  botAngle                      
20000c3c  botX                          
20000c40  botY                          
20000c44  distance                      
20000c48  sensor                        
20000c4c  t_total                       
20000c50  tf                            
20000c54  tr                            
20000c58  flag                          
20000c59  ping_state                    
20000c5a  uart_data                     
20000c60  __stack                       
20000e60  __STACK_TOP                   
20001460  __STACK_END                   
20001460  _sys_memory                   
20001860  motor_cal_factor_L            
20001864  motor_cal_factor_R            
20001880  _lock                         
20001884  _unlock                       
20001890  IR                            
20001898  errno                         
2000189c  _running                      
ffffffff  __TI_pprof_out_hndl           
ffffffff  __TI_prof_data_size           
ffffffff  __TI_prof_data_start          
ffffffff  __binit__                     
ffffffff  __c_args__                    
ffffffff  binit                         
UNDEFED   __mpu_init                    
UNDEFED   _system_post_cinit            

[194 symbols]
