******************************************************************************
                  TI ARM Linker PC v20.2.4                     
******************************************************************************
>> Linked Wed Nov  3 11:35:57 2021

OUTPUT FILE NAME:   <lab9.out>
ENTRY POINT SYMBOL: "_c_int00_noargs"  address: 000034b1


MEMORY CONFIGURATION

         name            origin    length      used     unused   attr    fill
----------------------  --------  ---------  --------  --------  ----  --------
  FLASH                 00000000   00040000  000037e8  0003c818  R  X
  SRAM                  20000000   00008000  00000ad6  0000752a  RW X


SEGMENT ALLOCATION MAP

run origin  load origin   length   init length attrs members
----------  ----------- ---------- ----------- ----- -------
00000000    00000000    000037f0   000037f0    r-x
  00000000    00000000    0000026c   0000026c    r-- .intvecs
  0000026c    0000026c    00003400   00003400    r-x .text
  00003670    00003670    0000013c   0000013c    r-- .const
  000037b0    000037b0    00000040   00000040    r-- .cinit
20000000    20000000    00000add   00000000    rw-
  20000000    20000000    0000026c   00000000    rw- .vtable
  20000270    20000270    00000800   00000000    rw- .stack
  20000a70    20000a70    00000065   00000000    rw- .bss
  20000ad8    20000ad8    00000005   00000000    rw- .data


SECTION ALLOCATION MAP

 output                                  attributes/
section   page    origin      length       input sections
--------  ----  ----------  ----------   ----------------
.intvecs   0    00000000    0000026c     
                  00000000    0000026c     tm4c123gh6pm_startup_ccs.obj (.intvecs)

.text      0    0000026c    00003400     
                  0000026c    00000a4e     rtsv7M4_T_le_v4SPD16_eabi.lib : _printfi.c.obj (.text:__TI_printfi)
                  00000cba    00000002                                   : div0.asm.obj (.text)
                  00000cbc    000009c0                                   : e_pow.c.obj (.text:pow)
                  0000167c    00000328     lcd.obj (.text)
                  000019a4    00000270     rtsv7M4_T_le_v4SPD16_eabi.lib : _printfi.c.obj (.text:_pconv_a)
                  00001c14    00000248     Timer.obj (.text)
                  00001e5c    000001f8     ping.obj (.text)
                  00002054    000001d0     rtsv7M4_T_le_v4SPD16_eabi.lib : _printfi.c.obj (.text:_pconv_g)
                  00002224    000001b6                                   : fd_add_t2.asm.obj (.text)
                  000023da    00000002     --HOLE-- [fill = 0]
                  000023dc    00000158     adc.obj (.text)
                  00002534    00000158     rtsv7M4_T_le_v4SPD16_eabi.lib : e_sqrt.c.obj (.text:sqrt)
                  0000268c    0000013c                                   : _printfi.c.obj (.text:_pconv_e)
                  000027c8    00000136                                   : fd_div_t2.asm.obj (.text)
                  000028fe    00000002     --HOLE-- [fill = 0]
                  00002900    00000124                                   : _printfi.c.obj (.text:fcvt)
                  00002a24    00000110                                   : s_scalbn.c.obj (.text:scalbn)
                  00002b34    000000fc                                   : fd_mul_t2.asm.obj (.text)
                  00002c30    000000b1                                   : _printfi.c.obj (.text:_ltostr)
                  00002ce1    00000003     --HOLE-- [fill = 0]
                  00002ce4    000000ac     main.obj (.text)
                  00002d90    0000009c     rtsv7M4_T_le_v4SPD16_eabi.lib : memcpy_t2.asm.obj (.text)
                  00002e2c    00000096                                   : ull_div_t2.asm.obj (.text)
                  00002ec2    00000086                                   : fd_cmp_t2.asm.obj (.text:__aeabi_cdcmple)
                  00002f48    00000086                                   : fd_cmp_t2.asm.obj (.text:__aeabi_cdrcmple)
                  00002fce    0000007a                                   : memset_t2.asm.obj (.text)
                  00003048    0000006e                                   : _printfi.c.obj (.text:_mcpy)
                  000030b6    0000006e                                   : fd_tos_t2.asm.obj (.text)
                  00003124    00000068                                   : copy_decompress_lzss.c.obj (.text:decompress:lzss:__TI_decompress_lzss)
                  0000318c    00000064                                   : s_frexp.c.obj (.text:frexp)
                  000031f0    00000056                                   : _printfi.c.obj (.text:_pconv_f)
                  00003246    00000054                                   : _ltoa.c.obj (.text:__TI_ltoa)
                  0000329a    00000052                                   : _printfi.c.obj (.text:_ecpy)
                  000032ec    0000004c                                   : atoi.c.obj (.text:atoi)
                  00003338    00000048                                   : fd_toi_t2.asm.obj (.text)
                  00003380    00000044                                   : autoinit.c.obj (.text:__TI_auto_init_nobinit_nopinit:__TI_auto_init_nobinit_nopinit)
                  000033c4    00000040                                   : vsnprintf.c.obj (.text:vsnprintf)
                  00003404    0000003e                                   : _printfi.c.obj (.text:_fcpy)
                  00003442    00000038                                   : fs_tod_t2.asm.obj (.text)
                  0000347a    00000002     --HOLE-- [fill = 0]
                  0000347c    00000034     driverlib.lib : interrupt.obj (.text:IntRegister)
                  000034b0    00000034     rtsv7M4_T_le_v4SPD16_eabi.lib : boot_cortex_m.c.obj (.text:_c_int00_noargs:_c_int00_noargs)
                  000034e4    00000030                                   : vsnprintf.c.obj (.text:_outs)
                  00003514    0000002e                                   : i_tofd_t2.asm.obj (.text)
                  00003542    0000001c                                   : copy_zero_init.c.obj (.text:decompress:ZI:__TI_zero_init_nomemset:__TI_zero_init_nomemset)
                  0000355e    0000001c                                   : memccpy.c.obj (.text:memccpy)
                  0000357a    0000001a                                   : s_copysign.c.obj (.text:copysign)
                  00003594    00000018                                   : vsnprintf.c.obj (.text:_outc)
                  000035ac    00000018                                   : strcmp.c.obj (.text:strcmp)
                  000035c4    00000016                                   : strchr.c.obj (.text:strchr)
                  000035da    00000014                                   : strcpy.c.obj (.text:strcpy)
                  000035ee    00000014                                   : strlen.c.obj (.text:strlen)
                  00003602    00000012                                   : wcslen.c.obj (.text:wcslen)
                  00003614    00000010     driverlib.lib : interrupt.obj (.text:IntMasterEnable)
                  00003624    00000010     lcd.obj (.text:lcd_clear)
                  00003634    0000000e     rtsv7M4_T_le_v4SPD16_eabi.lib : copy_decompress_none.c.obj (.text:decompress:none:__TI_decompress_none)
                  00003642    0000000c     driverlib.lib : cpu.obj (.text:CPUcpsie)
                  0000364e    0000000c     tm4c123gh6pm_startup_ccs.obj (.text)
                  0000365a    00000002     --HOLE-- [fill = 0]
                  0000365c    00000008     rtsv7M4_T_le_v4SPD16_eabi.lib : errno.c.obj (.text:__aeabi_errno_addr)
                  00003664    00000004                                   : pre_init.c.obj (.text:_system_pre_init)
                  00003668    00000004                                   : exit.c.obj (.text:abort:abort)

.const     0    00003670    0000013c     
                  00003670    00000101     rtsv7M4_T_le_v4SPD16_eabi.lib : ctype.c.obj (.const:.string:_ctypes_)
                  00003771    00000004     lcd.obj (.const:.string:lineAddress$1)
                  00003775    00000003     --HOLE-- [fill = 0]
                  00003778    00000030     rtsv7M4_T_le_v4SPD16_eabi.lib : e_pow.c.obj (.const:$O1$$)
                  000037a8    00000004     lcd.obj (.const:.string:lineAddresses$2)

.cinit     0    000037b0    00000040     
                  000037b0    0000000c     (__TI_handler_table)
                  000037bc    00000004     --HOLE-- [fill = 0]
                  000037c0    00000008     (.cinit..bss.load) [load image, compression = zero_init]
                  000037c8    00000008     (.cinit..vtable.load) [load image, compression = zero_init]
                  000037d0    00000007     (.cinit..data.load) [load image, compression = lzss]
                  000037d7    00000001     --HOLE-- [fill = 0]
                  000037d8    00000018     (__TI_cinit_table)

.init_array 
*          0    00000000    00000000     UNINITIALIZED

.vtable    0    20000000    0000026c     UNINITIALIZED
                  20000000    0000026c     driverlib.lib : interrupt.obj (.vtable)

.bss       0    20000a70    00000065     UNINITIALIZED
                  20000a70    00000054     lcd.obj (.bss:lastbuffer$3)
                  20000ac4    00000004     (.common:_timeout_ticks)
                  20000ac8    00000004     (.common:t_total)
                  20000acc    00000004     (.common:tf)
                  20000ad0    00000004     (.common:tr)
                  20000ad4    00000001     (.common:ping_state)

.data      0    20000ad8    00000005     UNINITIALIZED
                  20000ad8    00000004     rtsv7M4_T_le_v4SPD16_eabi.lib : errno.c.obj (.data)
                  20000adc    00000001     Timer.obj (.data)

.stack     0    20000270    00000800     UNINITIALIZED
                  20000270    00000004     rtsv7M4_T_le_v4SPD16_eabi.lib : boot_cortex_m.c.obj (.stack)
                  20000274    000007fc     --HOLE--

__llvm_prf_cnts 
*          0    20000000    00000000     UNINITIALIZED

MODULE SUMMARY

       Module                         code    ro data   rw data
       ------                         ----    -------   -------
    .\
       lcd.obj                        824     8         84     
       tm4c123gh6pm_startup_ccs.obj   12      620       0      
       Timer.obj                      584     0         5      
       ping.obj                       504     0         0      
       adc.obj                        344     0         0      
       main.obj                       172     0         13     
    +--+------------------------------+-------+---------+---------+
       Total:                         2440    628       102    
                                                               
    C:/ti/TivaWare_C_Series-2.1.4.178/driverlib/ccs/Debug/driverlib.lib
       interrupt.obj                  68      0         620    
       cpu.obj                        12      0         0      
    +--+------------------------------+-------+---------+---------+
       Total:                         80      0         620    
                                                               
    C:\ti\ccs1031\ccs\tools\compiler\ti-cgt-arm_20.2.4.LTS\lib\rtsv7M4_T_le_v4SPD16_eabi.lib
       _printfi.c.obj                 4851    0         0      
       e_pow.c.obj                    2496    48        0      
       fd_add_t2.asm.obj              438     0         0      
       e_sqrt.c.obj                   344     0         0      
       fd_div_t2.asm.obj              310     0         0      
       s_scalbn.c.obj                 272     0         0      
       fd_cmp_t2.asm.obj              268     0         0      
       ctype.c.obj                    0       257       0      
       fd_mul_t2.asm.obj              252     0         0      
       memcpy_t2.asm.obj              156     0         0      
       ull_div_t2.asm.obj             150     0         0      
       vsnprintf.c.obj                136     0         0      
       memset_t2.asm.obj              122     0         0      
       fd_tos_t2.asm.obj              110     0         0      
       copy_decompress_lzss.c.obj     104     0         0      
       s_frexp.c.obj                  100     0         0      
       _ltoa.c.obj                    84      0         0      
       atoi.c.obj                     76      0         0      
       fd_toi_t2.asm.obj              72      0         0      
       autoinit.c.obj                 68      0         0      
       fs_tod_t2.asm.obj              56      0         0      
       boot_cortex_m.c.obj            52      0         0      
       i_tofd_t2.asm.obj              46      0         0      
       copy_zero_init.c.obj           28      0         0      
       memccpy.c.obj                  28      0         0      
       s_copysign.c.obj               26      0         0      
       strcmp.c.obj                   24      0         0      
       strchr.c.obj                   22      0         0      
       strcpy.c.obj                   20      0         0      
       strlen.c.obj                   20      0         0      
       wcslen.c.obj                   18      0         0      
       copy_decompress_none.c.obj     14      0         0      
       errno.c.obj                    8       0         4      
       exit.c.obj                     4       0         0      
       pre_init.c.obj                 4       0         0      
       div0.asm.obj                   2       0         0      
    +--+------------------------------+-------+---------+---------+
       Total:                         10781   305       4      
                                                               
       Stack:                         0       0         2048   
       Linker Generated:              0       59        0      
    +--+------------------------------+-------+---------+---------+
       Grand Total:                   13301   992       2774   


LINKER GENERATED COPY TABLES

__TI_cinit_table @ 000037d8 records: 3, size/record: 8, table size: 24
	.bss: load addr=000037c0, load size=00000008 bytes, run addr=20000a70, run size=00000065 bytes, compression=zero_init
	.vtable: load addr=000037c8, load size=00000008 bytes, run addr=20000000, run size=0000026c bytes, compression=zero_init
	.data: load addr=000037d0, load size=00000007 bytes, run addr=20000ad8, run size=00000005 bytes, compression=lzss


LINKER GENERATED HANDLER TABLE

__TI_handler_table @ 000037b0 records: 3, size/record: 4, table size: 12
	index: 0, handler: __TI_zero_init
	index: 1, handler: __TI_decompress_lzss
	index: 2, handler: __TI_decompress_none


GLOBAL SYMBOLS: SORTED ALPHABETICALLY BY Name 

address   name                          
-------   ----                          
00003669  C$$EXIT                       
00003643  CPUcpsie                      
00003615  IntMasterEnable               
0000347d  IntRegister                   
0000364f  ResetISR                      
00001f99  TIMER3B_Handler               
20000a70  __STACK_END                   
00000800  __STACK_SIZE                  
20000470  __STACK_TOP                   
000037d8  __TI_CINIT_Base               
000037f0  __TI_CINIT_Limit              
000037b0  __TI_Handler_Table_Base       
000037bc  __TI_Handler_Table_Limit      
00003381  __TI_auto_init_nobinit_nopinit
00003125  __TI_decompress_lzss          
00003635  __TI_decompress_none          
00003247  __TI_ltoa                     
ffffffff  __TI_pprof_out_hndl           
0000026d  __TI_printfi                  
ffffffff  __TI_prof_data_size           
ffffffff  __TI_prof_data_start          
00000000  __TI_static_base__            
00003543  __TI_zero_init_nomemset       
00002ec3  __aeabi_cdcmpeq               
00002ec3  __aeabi_cdcmple               
00002f49  __aeabi_cdrcmple              
000030b7  __aeabi_d2f                   
00003339  __aeabi_d2iz                  
0000222f  __aeabi_dadd                  
000027c9  __aeabi_ddiv                  
00002b35  __aeabi_dmul                  
00002225  __aeabi_dsub                  
0000365d  __aeabi_errno_addr            
00003443  __aeabi_f2d                   
00003515  __aeabi_i2d                   
00000cbb  __aeabi_idiv0                 
00000cbb  __aeabi_ldiv0                 
00002fcf  __aeabi_memclr                
00002fcf  __aeabi_memclr4               
00002fcf  __aeabi_memclr8               
00002d91  __aeabi_memcpy                
00002d91  __aeabi_memcpy4               
00002d91  __aeabi_memcpy8               
00002fd1  __aeabi_memset                
00002fd1  __aeabi_memset4               
00002fd1  __aeabi_memset8               
00002e2d  __aeabi_uldivmod              
ffffffff  __binit__                     
ffffffff  __c_args__                    
UNDEFED   __mpu_init                    
20000270  __stack                       
20000000  __start___llvm_prf_cnts       
20000000  __stop___llvm_prf_cnts        
000034b1  _c_int00_noargs               
00003670  _ctypes_                      
20000adc  _running                      
UNDEFED   _system_post_cinit            
00003665  _system_pre_init              
20000ac4  _timeout_ticks                
00003669  abort                         
000024a3  adc_conversionIR              
000023dd  adc_init                      
00002473  adc_read                      
000032ed  atoi                          
ffffffff  binit                         
0000357b  copysign                      
0000357b  copysignl                     
20000ad8  errno                         
0000318d  frexp                         
0000318d  frexpl                        
20000000  g_pfnRAMVectors               
00000000  g_pfnVectors                  
00003625  lcd_clear                     
00001851  lcd_gotoLine                  
000016b9  lcd_init                      
000018b7  lcd_printf                    
00001779  lcd_putc                      
000017b1  lcd_puts                      
0000167d  lcd_reverseNibble             
000017cf  lcd_sendCommand               
0000180d  lcd_sendNibble                
00001879  lcd_setCursorPos              
00002a25  ldexp                         
00002a25  ldexpl                        
00002ce5  main                          
0000355f  memccpy                       
00002d91  memcpy                        
00002fd7  memset                        
00001e5d  ping_init                     
00001fd1  ping_read                     
00001f17  ping_sendpulse                
20000ad4  ping_state                    
00000cbd  pow                           
00000cbd  powl                          
00002a25  scalbn                        
00002a25  scalbnl                       
00002535  sqrt                          
00002535  sqrtl                         
000035c5  strchr                        
000035ad  strcmp                        
000035db  strcpy                        
000035ef  strlen                        
20000ac8  t_total                       
20000acc  tf                            
00001d33  timer_getMicros               
00001cdb  timer_getMillis               
00001c15  timer_init                    
00001cb7  timer_pause                   
00001cc9  timer_resume                  
00001c8d  timer_stop                    
00001d8d  timer_waitMicros              
00001dbf  timer_waitMillis              
20000ad0  tr                            
000033c5  vsnprintf                     
00003603  wcslen                        


GLOBAL SYMBOLS: SORTED BY Symbol Address 

address   name                          
-------   ----                          
00000000  __TI_static_base__            
00000000  g_pfnVectors                  
0000026d  __TI_printfi                  
00000800  __STACK_SIZE                  
00000cbb  __aeabi_idiv0                 
00000cbb  __aeabi_ldiv0                 
00000cbd  pow                           
00000cbd  powl                          
0000167d  lcd_reverseNibble             
000016b9  lcd_init                      
00001779  lcd_putc                      
000017b1  lcd_puts                      
000017cf  lcd_sendCommand               
0000180d  lcd_sendNibble                
00001851  lcd_gotoLine                  
00001879  lcd_setCursorPos              
000018b7  lcd_printf                    
00001c15  timer_init                    
00001c8d  timer_stop                    
00001cb7  timer_pause                   
00001cc9  timer_resume                  
00001cdb  timer_getMillis               
00001d33  timer_getMicros               
00001d8d  timer_waitMicros              
00001dbf  timer_waitMillis              
00001e5d  ping_init                     
00001f17  ping_sendpulse                
00001f99  TIMER3B_Handler               
00001fd1  ping_read                     
00002225  __aeabi_dsub                  
0000222f  __aeabi_dadd                  
000023dd  adc_init                      
00002473  adc_read                      
000024a3  adc_conversionIR              
00002535  sqrt                          
00002535  sqrtl                         
000027c9  __aeabi_ddiv                  
00002a25  ldexp                         
00002a25  ldexpl                        
00002a25  scalbn                        
00002a25  scalbnl                       
00002b35  __aeabi_dmul                  
00002ce5  main                          
00002d91  __aeabi_memcpy                
00002d91  __aeabi_memcpy4               
00002d91  __aeabi_memcpy8               
00002d91  memcpy                        
00002e2d  __aeabi_uldivmod              
00002ec3  __aeabi_cdcmpeq               
00002ec3  __aeabi_cdcmple               
00002f49  __aeabi_cdrcmple              
00002fcf  __aeabi_memclr                
00002fcf  __aeabi_memclr4               
00002fcf  __aeabi_memclr8               
00002fd1  __aeabi_memset                
00002fd1  __aeabi_memset4               
00002fd1  __aeabi_memset8               
00002fd7  memset                        
000030b7  __aeabi_d2f                   
00003125  __TI_decompress_lzss          
0000318d  frexp                         
0000318d  frexpl                        
00003247  __TI_ltoa                     
000032ed  atoi                          
00003339  __aeabi_d2iz                  
00003381  __TI_auto_init_nobinit_nopinit
000033c5  vsnprintf                     
00003443  __aeabi_f2d                   
0000347d  IntRegister                   
000034b1  _c_int00_noargs               
00003515  __aeabi_i2d                   
00003543  __TI_zero_init_nomemset       
0000355f  memccpy                       
0000357b  copysign                      
0000357b  copysignl                     
000035ad  strcmp                        
000035c5  strchr                        
000035db  strcpy                        
000035ef  strlen                        
00003603  wcslen                        
00003615  IntMasterEnable               
00003625  lcd_clear                     
00003635  __TI_decompress_none          
00003643  CPUcpsie                      
0000364f  ResetISR                      
0000365d  __aeabi_errno_addr            
00003665  _system_pre_init              
00003669  C$$EXIT                       
00003669  abort                         
00003670  _ctypes_                      
000037b0  __TI_Handler_Table_Base       
000037bc  __TI_Handler_Table_Limit      
000037d8  __TI_CINIT_Base               
000037f0  __TI_CINIT_Limit              
20000000  __start___llvm_prf_cnts       
20000000  __stop___llvm_prf_cnts        
20000000  g_pfnRAMVectors               
20000270  __stack                       
20000470  __STACK_TOP                   
20000a70  __STACK_END                   
20000ac4  _timeout_ticks                
20000ac8  t_total                       
20000acc  tf                            
20000ad0  tr                            
20000ad4  ping_state                    
20000ad8  errno                         
20000adc  _running                      
ffffffff  __TI_pprof_out_hndl           
ffffffff  __TI_prof_data_size           
ffffffff  __TI_prof_data_start          
ffffffff  __binit__                     
ffffffff  __c_args__                    
ffffffff  binit                         
UNDEFED   __mpu_init                    
UNDEFED   _system_post_cinit            

[115 symbols]
